---
source: tests/integration_tests.rs
expression: full_trace_lines
---
[
  {
    "level": "INFO",
    "message": "close",
    "span": {
      "name": "read_query",
      "query": "SELECT 1;"
    },
    "spans": [
      {
        "name": "test",
        "test_name": "02_basic_metrics"
      },
      {
        "name": "run_traced_query",
        "query_name": "select_one"
      }
    ],
    "target": "integration_utils",
    "time.busy": "0.00ms",
    "time.idle": "0.00ms"
  },
  {
    "level": "INFO",
    "message": "close",
    "span": {
      "logical_plan": "Projection: Int64(1) [Int64(1):Int64]\n  EmptyRelation: rows=1 []",
      "name": "parse_sql",
      "sql": "SELECT 1;"
    },
    "spans": [
      {
        "name": "test",
        "test_name": "02_basic_metrics"
      },
      {
        "name": "run_traced_query",
        "query_name": "select_one"
      }
    ],
    "target": "integration_utils",
    "time.busy": "0.00ms",
    "time.idle": "0.00ms"
  },
  {
    "level": "INFO",
    "message": "close",
    "span": {
      "name": "Rule",
      "otel.name": "resolve_grouping_function"
    },
    "spans": [
      {
        "name": "test",
        "test_name": "02_basic_metrics"
      },
      {
        "name": "run_traced_query",
        "query_name": "select_one"
      },
      {
        "name": "Phase",
        "otel.name": "analyze_logical_plan"
      }
    ],
    "target": "integration_utils",
    "time.busy": "0.00ms",
    "time.idle": "0.00ms"
  },
  {
    "level": "INFO",
    "message": "close",
    "span": {
      "name": "Rule",
      "otel.name": "type_coercion"
    },
    "spans": [
      {
        "name": "test",
        "test_name": "02_basic_metrics"
      },
      {
        "name": "run_traced_query",
        "query_name": "select_one"
      },
      {
        "name": "Phase",
        "otel.name": "analyze_logical_plan"
      }
    ],
    "target": "integration_utils",
    "time.busy": "0.00ms",
    "time.idle": "0.00ms"
  },
  {
    "level": "INFO",
    "message": "close",
    "span": {
      "name": "Phase",
      "otel.name": "analyze_logical_plan"
    },
    "spans": [
      {
        "name": "test",
        "test_name": "02_basic_metrics"
      },
      {
        "name": "run_traced_query",
        "query_name": "select_one"
      }
    ],
    "target": "integration_utils",
    "time.busy": "0.00ms",
    "time.idle": "0.00ms"
  },
  {
    "level": "INFO",
    "message": "close",
    "span": {
      "name": "Rule",
      "otel.name": "rewrite_set_comparison"
    },
    "spans": [
      {
        "name": "test",
        "test_name": "02_basic_metrics"
      },
      {
        "name": "run_traced_query",
        "query_name": "select_one"
      },
      {
        "datafusion.optimizer.max_passes": 3,
        "datafusion.optimizer.pass": 1,
        "name": "Phase",
        "otel.name": "optimize_logical_plan"
      }
    ],
    "target": "integration_utils",
    "time.busy": "0.00ms",
    "time.idle": "0.00ms"
  },
  {
    "level": "INFO",
    "message": "close",
    "span": {
      "name": "Rule",
      "otel.name": "optimize_unions"
    },
    "spans": [
      {
        "name": "test",
        "test_name": "02_basic_metrics"
      },
      {
        "name": "run_traced_query",
        "query_name": "select_one"
      },
      {
        "datafusion.optimizer.max_passes": 3,
        "datafusion.optimizer.pass": 1,
        "name": "Phase",
        "otel.name": "optimize_logical_plan"
      }
    ],
    "target": "integration_utils",
    "time.busy": "0.00ms",
    "time.idle": "0.00ms"
  },
  {
    "level": "INFO",
    "message": "close",
    "span": {
      "name": "Rule",
      "otel.name": "unions_to_filter"
    },
    "spans": [
      {
        "name": "test",
        "test_name": "02_basic_metrics"
      },
      {
        "name": "run_traced_query",
        "query_name": "select_one"
      },
      {
        "datafusion.optimizer.max_passes": 3,
        "datafusion.optimizer.pass": 1,
        "name": "Phase",
        "otel.name": "optimize_logical_plan"
      }
    ],
    "target": "integration_utils",
    "time.busy": "0.00ms",
    "time.idle": "0.00ms"
  },
  {
    "level": "INFO",
    "message": "close",
    "span": {
      "name": "Rule",
      "otel.name": "simplify_expressions"
    },
    "spans": [
      {
        "name": "test",
        "test_name": "02_basic_metrics"
      },
      {
        "name": "run_traced_query",
        "query_name": "select_one"
      },
      {
        "datafusion.optimizer.max_passes": 3,
        "datafusion.optimizer.pass": 1,
        "name": "Phase",
        "otel.name": "optimize_logical_plan"
      }
    ],
    "target": "integration_utils",
    "time.busy": "0.00ms",
    "time.idle": "0.00ms"
  },
  {
    "level": "INFO",
    "message": "close",
    "span": {
      "name": "Rule",
      "otel.name": "replace_distinct_aggregate"
    },
    "spans": [
      {
        "name": "test",
        "test_name": "02_basic_metrics"
      },
      {
        "name": "run_traced_query",
        "query_name": "select_one"
      },
      {
        "datafusion.optimizer.max_passes": 3,
        "datafusion.optimizer.pass": 1,
        "name": "Phase",
        "otel.name": "optimize_logical_plan"
      }
    ],
    "target": "integration_utils",
    "time.busy": "0.00ms",
    "time.idle": "0.00ms"
  },
  {
    "level": "INFO",
    "message": "close",
    "span": {
      "name": "Rule",
      "otel.name": "eliminate_join"
    },
    "spans": [
      {
        "name": "test",
        "test_name": "02_basic_metrics"
      },
      {
        "name": "run_traced_query",
        "query_name": "select_one"
      },
      {
        "datafusion.optimizer.max_passes": 3,
        "datafusion.optimizer.pass": 1,
        "name": "Phase",
        "otel.name": "optimize_logical_plan"
      }
    ],
    "target": "integration_utils",
    "time.busy": "0.00ms",
    "time.idle": "0.00ms"
  },
  {
    "level": "INFO",
    "message": "close",
    "span": {
      "name": "Rule",
      "otel.name": "decorrelate_predicate_subquery"
    },
    "spans": [
      {
        "name": "test",
        "test_name": "02_basic_metrics"
      },
      {
        "name": "run_traced_query",
        "query_name": "select_one"
      },
      {
        "datafusion.optimizer.max_passes": 3,
        "datafusion.optimizer.pass": 1,
        "name": "Phase",
        "otel.name": "optimize_logical_plan"
      }
    ],
    "target": "integration_utils",
    "time.busy": "0.00ms",
    "time.idle": "0.00ms"
  },
  {
    "level": "INFO",
    "message": "close",
    "span": {
      "name": "Rule",
      "otel.name": "scalar_subquery_to_join"
    },
    "spans": [
      {
        "name": "test",
        "test_name": "02_basic_metrics"
      },
      {
        "name": "run_traced_query",
        "query_name": "select_one"
      },
      {
        "datafusion.optimizer.max_passes": 3,
        "datafusion.optimizer.pass": 1,
        "name": "Phase",
        "otel.name": "optimize_logical_plan"
      }
    ],
    "target": "integration_utils",
    "time.busy": "0.00ms",
    "time.idle": "0.00ms"
  },
  {
    "level": "INFO",
    "message": "close",
    "span": {
      "name": "Rule",
      "otel.name": "decorrelate_lateral_join"
    },
    "spans": [
      {
        "name": "test",
        "test_name": "02_basic_metrics"
      },
      {
        "name": "run_traced_query",
        "query_name": "select_one"
      },
      {
        "datafusion.optimizer.max_passes": 3,
        "datafusion.optimizer.pass": 1,
        "name": "Phase",
        "otel.name": "optimize_logical_plan"
      }
    ],
    "target": "integration_utils",
    "time.busy": "0.00ms",
    "time.idle": "0.00ms"
  },
  {
    "level": "INFO",
    "message": "close",
    "span": {
      "name": "Rule",
      "otel.name": "extract_equijoin_predicate"
    },
    "spans": [
      {
        "name": "test",
        "test_name": "02_basic_metrics"
      },
      {
        "name": "run_traced_query",
        "query_name": "select_one"
      },
      {
        "datafusion.optimizer.max_passes": 3,
        "datafusion.optimizer.pass": 1,
        "name": "Phase",
        "otel.name": "optimize_logical_plan"
      }
    ],
    "target": "integration_utils",
    "time.busy": "0.00ms",
    "time.idle": "0.00ms"
  },
  {
    "level": "INFO",
    "message": "close",
    "span": {
      "name": "Rule",
      "otel.name": "eliminate_duplicated_expr"
    },
    "spans": [
      {
        "name": "test",
        "test_name": "02_basic_metrics"
      },
      {
        "name": "run_traced_query",
        "query_name": "select_one"
      },
      {
        "datafusion.optimizer.max_passes": 3,
        "datafusion.optimizer.pass": 1,
        "name": "Phase",
        "otel.name": "optimize_logical_plan"
      }
    ],
    "target": "integration_utils",
    "time.busy": "0.00ms",
    "time.idle": "0.00ms"
  },
  {
    "level": "INFO",
    "message": "close",
    "span": {
      "name": "Rule",
      "otel.name": "eliminate_filter"
    },
    "spans": [
      {
        "name": "test",
        "test_name": "02_basic_metrics"
      },
      {
        "name": "run_traced_query",
        "query_name": "select_one"
      },
      {
        "datafusion.optimizer.max_passes": 3,
        "datafusion.optimizer.pass": 1,
        "name": "Phase",
        "otel.name": "optimize_logical_plan"
      }
    ],
    "target": "integration_utils",
    "time.busy": "0.00ms",
    "time.idle": "0.00ms"
  },
  {
    "level": "INFO",
    "message": "close",
    "span": {
      "name": "Rule",
      "otel.name": "eliminate_cross_join"
    },
    "spans": [
      {
        "name": "test",
        "test_name": "02_basic_metrics"
      },
      {
        "name": "run_traced_query",
        "query_name": "select_one"
      },
      {
        "datafusion.optimizer.max_passes": 3,
        "datafusion.optimizer.pass": 1,
        "name": "Phase",
        "otel.name": "optimize_logical_plan"
      }
    ],
    "target": "integration_utils",
    "time.busy": "0.00ms",
    "time.idle": "0.00ms"
  },
  {
    "level": "INFO",
    "message": "close",
    "span": {
      "name": "Rule",
      "otel.name": "eliminate_limit"
    },
    "spans": [
      {
        "name": "test",
        "test_name": "02_basic_metrics"
      },
      {
        "name": "run_traced_query",
        "query_name": "select_one"
      },
      {
        "datafusion.optimizer.max_passes": 3,
        "datafusion.optimizer.pass": 1,
        "name": "Phase",
        "otel.name": "optimize_logical_plan"
      }
    ],
    "target": "integration_utils",
    "time.busy": "0.00ms",
    "time.idle": "0.00ms"
  },
  {
    "level": "INFO",
    "message": "close",
    "span": {
      "name": "Rule",
      "otel.name": "propagate_empty_relation"
    },
    "spans": [
      {
        "name": "test",
        "test_name": "02_basic_metrics"
      },
      {
        "name": "run_traced_query",
        "query_name": "select_one"
      },
      {
        "datafusion.optimizer.max_passes": 3,
        "datafusion.optimizer.pass": 1,
        "name": "Phase",
        "otel.name": "optimize_logical_plan"
      }
    ],
    "target": "integration_utils",
    "time.busy": "0.00ms",
    "time.idle": "0.00ms"
  },
  {
    "level": "INFO",
    "message": "close",
    "span": {
      "name": "Rule",
      "otel.name": "filter_null_join_keys"
    },
    "spans": [
      {
        "name": "test",
        "test_name": "02_basic_metrics"
      },
      {
        "name": "run_traced_query",
        "query_name": "select_one"
      },
      {
        "datafusion.optimizer.max_passes": 3,
        "datafusion.optimizer.pass": 1,
        "name": "Phase",
        "otel.name": "optimize_logical_plan"
      }
    ],
    "target": "integration_utils",
    "time.busy": "0.00ms",
    "time.idle": "0.00ms"
  },
  {
    "level": "INFO",
    "message": "close",
    "span": {
      "name": "Rule",
      "otel.name": "eliminate_outer_join"
    },
    "spans": [
      {
        "name": "test",
        "test_name": "02_basic_metrics"
      },
      {
        "name": "run_traced_query",
        "query_name": "select_one"
      },
      {
        "datafusion.optimizer.max_passes": 3,
        "datafusion.optimizer.pass": 1,
        "name": "Phase",
        "otel.name": "optimize_logical_plan"
      }
    ],
    "target": "integration_utils",
    "time.busy": "0.00ms",
    "time.idle": "0.00ms"
  },
  {
    "level": "INFO",
    "message": "close",
    "span": {
      "name": "Rule",
      "otel.name": "push_down_limit"
    },
    "spans": [
      {
        "name": "test",
        "test_name": "02_basic_metrics"
      },
      {
        "name": "run_traced_query",
        "query_name": "select_one"
      },
      {
        "datafusion.optimizer.max_passes": 3,
        "datafusion.optimizer.pass": 1,
        "name": "Phase",
        "otel.name": "optimize_logical_plan"
      }
    ],
    "target": "integration_utils",
    "time.busy": "0.00ms",
    "time.idle": "0.00ms"
  },
  {
    "level": "INFO",
    "message": "close",
    "span": {
      "name": "Rule",
      "otel.name": "push_down_filter"
    },
    "spans": [
      {
        "name": "test",
        "test_name": "02_basic_metrics"
      },
      {
        "name": "run_traced_query",
        "query_name": "select_one"
      },
      {
        "datafusion.optimizer.max_passes": 3,
        "datafusion.optimizer.pass": 1,
        "name": "Phase",
        "otel.name": "optimize_logical_plan"
      }
    ],
    "target": "integration_utils",
    "time.busy": "0.00ms",
    "time.idle": "0.00ms"
  },
  {
    "level": "INFO",
    "message": "close",
    "span": {
      "name": "Rule",
      "otel.name": "single_distinct_aggregation_to_group_by"
    },
    "spans": [
      {
        "name": "test",
        "test_name": "02_basic_metrics"
      },
      {
        "name": "run_traced_query",
        "query_name": "select_one"
      },
      {
        "datafusion.optimizer.max_passes": 3,
        "datafusion.optimizer.pass": 1,
        "name": "Phase",
        "otel.name": "optimize_logical_plan"
      }
    ],
    "target": "integration_utils",
    "time.busy": "0.00ms",
    "time.idle": "0.00ms"
  },
  {
    "level": "INFO",
    "message": "close",
    "span": {
      "name": "Rule",
      "otel.name": "eliminate_group_by_constant"
    },
    "spans": [
      {
        "name": "test",
        "test_name": "02_basic_metrics"
      },
      {
        "name": "run_traced_query",
        "query_name": "select_one"
      },
      {
        "datafusion.optimizer.max_passes": 3,
        "datafusion.optimizer.pass": 1,
        "name": "Phase",
        "otel.name": "optimize_logical_plan"
      }
    ],
    "target": "integration_utils",
    "time.busy": "0.00ms",
    "time.idle": "0.00ms"
  },
  {
    "level": "INFO",
    "message": "close",
    "span": {
      "name": "Rule",
      "otel.name": "common_sub_expression_eliminate"
    },
    "spans": [
      {
        "name": "test",
        "test_name": "02_basic_metrics"
      },
      {
        "name": "run_traced_query",
        "query_name": "select_one"
      },
      {
        "datafusion.optimizer.max_passes": 3,
        "datafusion.optimizer.pass": 1,
        "name": "Phase",
        "otel.name": "optimize_logical_plan"
      }
    ],
    "target": "integration_utils",
    "time.busy": "0.00ms",
    "time.idle": "0.00ms"
  },
  {
    "level": "INFO",
    "message": "close",
    "span": {
      "name": "Rule",
      "otel.name": "extract_leaf_expressions"
    },
    "spans": [
      {
        "name": "test",
        "test_name": "02_basic_metrics"
      },
      {
        "name": "run_traced_query",
        "query_name": "select_one"
      },
      {
        "datafusion.optimizer.max_passes": 3,
        "datafusion.optimizer.pass": 1,
        "name": "Phase",
        "otel.name": "optimize_logical_plan"
      }
    ],
    "target": "integration_utils",
    "time.busy": "0.00ms",
    "time.idle": "0.00ms"
  },
  {
    "level": "INFO",
    "message": "close",
    "span": {
      "name": "Rule",
      "otel.name": "push_down_leaf_projections"
    },
    "spans": [
      {
        "name": "test",
        "test_name": "02_basic_metrics"
      },
      {
        "name": "run_traced_query",
        "query_name": "select_one"
      },
      {
        "datafusion.optimizer.max_passes": 3,
        "datafusion.optimizer.pass": 1,
        "name": "Phase",
        "otel.name": "optimize_logical_plan"
      }
    ],
    "target": "integration_utils",
    "time.busy": "0.00ms",
    "time.idle": "0.00ms"
  },
  {
    "level": "INFO",
    "message": "close",
    "span": {
      "name": "Rule",
      "otel.name": "optimize_projections"
    },
    "spans": [
      {
        "name": "test",
        "test_name": "02_basic_metrics"
      },
      {
        "name": "run_traced_query",
        "query_name": "select_one"
      },
      {
        "datafusion.optimizer.max_passes": 3,
        "datafusion.optimizer.pass": 1,
        "name": "Phase",
        "otel.name": "optimize_logical_plan"
      }
    ],
    "target": "integration_utils",
    "time.busy": "0.00ms",
    "time.idle": "0.00ms"
  },
  {
    "level": "INFO",
    "message": "close",
    "span": {
      "datafusion.optimizer.max_passes": 3,
      "datafusion.optimizer.pass": 1,
      "name": "Phase",
      "otel.name": "optimize_logical_plan"
    },
    "spans": [
      {
        "name": "test",
        "test_name": "02_basic_metrics"
      },
      {
        "name": "run_traced_query",
        "query_name": "select_one"
      }
    ],
    "target": "integration_utils",
    "time.busy": "0.00ms",
    "time.idle": "0.00ms"
  },
  {
    "level": "INFO",
    "message": "close",
    "span": {
      "name": "Rule",
      "otel.name": "OutputRequirements (modified)"
    },
    "spans": [
      {
        "name": "test",
        "test_name": "02_basic_metrics"
      },
      {
        "name": "run_traced_query",
        "query_name": "select_one"
      },
      {
        "logical_plan": "Projection: Int64(1) [Int64(1):Int64]\n  EmptyRelation: rows=1 []",
        "name": "create_physical_plan"
      },
      {
        "name": "Phase",
        "otel.name": "optimize_physical_plan"
      }
    ],
    "target": "integration_utils",
    "time.busy": "0.00ms",
    "time.idle": "0.00ms"
  },
  {
    "level": "INFO",
    "message": "close",
    "span": {
      "name": "Rule",
      "otel.name": "aggregate_statistics"
    },
    "spans": [
      {
        "name": "test",
        "test_name": "02_basic_metrics"
      },
      {
        "name": "run_traced_query",
        "query_name": "select_one"
      },
      {
        "logical_plan": "Projection: Int64(1) [Int64(1):Int64]\n  EmptyRelation: rows=1 []",
        "name": "create_physical_plan"
      },
      {
        "name": "Phase",
        "otel.name": "optimize_physical_plan"
      }
    ],
    "target": "integration_utils",
    "time.busy": "0.00ms",
    "time.idle": "0.00ms"
  },
  {
    "level": "INFO",
    "message": "close",
    "span": {
      "name": "Rule",
      "otel.name": "join_selection"
    },
    "spans": [
      {
        "name": "test",
        "test_name": "02_basic_metrics"
      },
      {
        "name": "run_traced_query",
        "query_name": "select_one"
      },
      {
        "logical_plan": "Projection: Int64(1) [Int64(1):Int64]\n  EmptyRelation: rows=1 []",
        "name": "create_physical_plan"
      },
      {
        "name": "Phase",
        "otel.name": "optimize_physical_plan"
      }
    ],
    "target": "integration_utils",
    "time.busy": "0.00ms",
    "time.idle": "0.00ms"
  },
  {
    "level": "INFO",
    "message": "close",
    "span": {
      "name": "Rule",
      "otel.name": "LimitedDistinctAggregation"
    },
    "spans": [
      {
        "name": "test",
        "test_name": "02_basic_metrics"
      },
      {
        "name": "run_traced_query",
        "query_name": "select_one"
      },
      {
        "logical_plan": "Projection: Int64(1) [Int64(1):Int64]\n  EmptyRelation: rows=1 []",
        "name": "create_physical_plan"
      },
      {
        "name": "Phase",
        "otel.name": "optimize_physical_plan"
      }
    ],
    "target": "integration_utils",
    "time.busy": "0.00ms",
    "time.idle": "0.00ms"
  },
  {
    "level": "INFO",
    "message": "close",
    "span": {
      "name": "Rule",
      "otel.name": "FilterPushdown"
    },
    "spans": [
      {
        "name": "test",
        "test_name": "02_basic_metrics"
      },
      {
        "name": "run_traced_query",
        "query_name": "select_one"
      },
      {
        "logical_plan": "Projection: Int64(1) [Int64(1):Int64]\n  EmptyRelation: rows=1 []",
        "name": "create_physical_plan"
      },
      {
        "name": "Phase",
        "otel.name": "optimize_physical_plan"
      }
    ],
    "target": "integration_utils",
    "time.busy": "0.00ms",
    "time.idle": "0.00ms"
  },
  {
    "level": "INFO",
    "message": "close",
    "span": {
      "name": "Rule",
      "otel.name": "WindowTopN"
    },
    "spans": [
      {
        "name": "test",
        "test_name": "02_basic_metrics"
      },
      {
        "name": "run_traced_query",
        "query_name": "select_one"
      },
      {
        "logical_plan": "Projection: Int64(1) [Int64(1):Int64]\n  EmptyRelation: rows=1 []",
        "name": "create_physical_plan"
      },
      {
        "name": "Phase",
        "otel.name": "optimize_physical_plan"
      }
    ],
    "target": "integration_utils",
    "time.busy": "0.00ms",
    "time.idle": "0.00ms"
  },
  {
    "level": "INFO",
    "message": "close",
    "span": {
      "name": "Rule",
      "otel.name": "EnsureRequirements"
    },
    "spans": [
      {
        "name": "test",
        "test_name": "02_basic_metrics"
      },
      {
        "name": "run_traced_query",
        "query_name": "select_one"
      },
      {
        "logical_plan": "Projection: Int64(1) [Int64(1):Int64]\n  EmptyRelation: rows=1 []",
        "name": "create_physical_plan"
      },
      {
        "name": "Phase",
        "otel.name": "optimize_physical_plan"
      }
    ],
    "target": "integration_utils",
    "time.busy": "0.00ms",
    "time.idle": "0.00ms"
  },
  {
    "level": "INFO",
    "message": "close",
    "span": {
      "name": "Rule",
      "otel.name": "CombinePartialFinalAggregate"
    },
    "spans": [
      {
        "name": "test",
        "test_name": "02_basic_metrics"
      },
      {
        "name": "run_traced_query",
        "query_name": "select_one"
      },
      {
        "logical_plan": "Projection: Int64(1) [Int64(1):Int64]\n  EmptyRelation: rows=1 []",
        "name": "create_physical_plan"
      },
      {
        "name": "Phase",
        "otel.name": "optimize_physical_plan"
      }
    ],
    "target": "integration_utils",
    "time.busy": "0.00ms",
    "time.idle": "0.00ms"
  },
  {
    "level": "INFO",
    "message": "close",
    "span": {
      "name": "Rule",
      "otel.name": "OptimizeAggregateOrder"
    },
    "spans": [
      {
        "name": "test",
        "test_name": "02_basic_metrics"
      },
      {
        "name": "run_traced_query",
        "query_name": "select_one"
      },
      {
        "logical_plan": "Projection: Int64(1) [Int64(1):Int64]\n  EmptyRelation: rows=1 []",
        "name": "create_physical_plan"
      },
      {
        "name": "Phase",
        "otel.name": "optimize_physical_plan"
      }
    ],
    "target": "integration_utils",
    "time.busy": "0.00ms",
    "time.idle": "0.00ms"
  },
  {
    "level": "INFO",
    "message": "close",
    "span": {
      "name": "Rule",
      "otel.name": "ProjectionPushdown"
    },
    "spans": [
      {
        "name": "test",
        "test_name": "02_basic_metrics"
      },
      {
        "name": "run_traced_query",
        "query_name": "select_one"
      },
      {
        "logical_plan": "Projection: Int64(1) [Int64(1):Int64]\n  EmptyRelation: rows=1 []",
        "name": "create_physical_plan"
      },
      {
        "name": "Phase",
        "otel.name": "optimize_physical_plan"
      }
    ],
    "target": "integration_utils",
    "time.busy": "0.00ms",
    "time.idle": "0.00ms"
  },
  {
    "level": "INFO",
    "message": "close",
    "span": {
      "name": "Rule",
      "otel.name": "OutputRequirements (modified)"
    },
    "spans": [
      {
        "name": "test",
        "test_name": "02_basic_metrics"
      },
      {
        "name": "run_traced_query",
        "query_name": "select_one"
      },
      {
        "logical_plan": "Projection: Int64(1) [Int64(1):Int64]\n  EmptyRelation: rows=1 []",
        "name": "create_physical_plan"
      },
      {
        "name": "Phase",
        "otel.name": "optimize_physical_plan"
      }
    ],
    "target": "integration_utils",
    "time.busy": "0.00ms",
    "time.idle": "0.00ms"
  },
  {
    "level": "INFO",
    "message": "close",
    "span": {
      "name": "Rule",
      "otel.name": "LimitAggregation"
    },
    "spans": [
      {
        "name": "test",
        "test_name": "02_basic_metrics"
      },
      {
        "name": "run_traced_query",
        "query_name": "select_one"
      },
      {
        "logical_plan": "Projection: Int64(1) [Int64(1):Int64]\n  EmptyRelation: rows=1 []",
        "name": "create_physical_plan"
      },
      {
        "name": "Phase",
        "otel.name": "optimize_physical_plan"
      }
    ],
    "target": "integration_utils",
    "time.busy": "0.00ms",
    "time.idle": "0.00ms"
  },
  {
    "level": "INFO",
    "message": "close",
    "span": {
      "name": "Rule",
      "otel.name": "LimitPushPastWindows"
    },
    "spans": [
      {
        "name": "test",
        "test_name": "02_basic_metrics"
      },
      {
        "name": "run_traced_query",
        "query_name": "select_one"
      },
      {
        "logical_plan": "Projection: Int64(1) [Int64(1):Int64]\n  EmptyRelation: rows=1 []",
        "name": "create_physical_plan"
      },
      {
        "name": "Phase",
        "otel.name": "optimize_physical_plan"
      }
    ],
    "target": "integration_utils",
    "time.busy": "0.00ms",
    "time.idle": "0.00ms"
  },
  {
    "level": "INFO",
    "message": "close",
    "span": {
      "name": "Rule",
      "otel.name": "HashJoinBuffering"
    },
    "spans": [
      {
        "name": "test",
        "test_name": "02_basic_metrics"
      },
      {
        "name": "run_traced_query",
        "query_name": "select_one"
      },
      {
        "logical_plan": "Projection: Int64(1) [Int64(1):Int64]\n  EmptyRelation: rows=1 []",
        "name": "create_physical_plan"
      },
      {
        "name": "Phase",
        "otel.name": "optimize_physical_plan"
      }
    ],
    "target": "integration_utils",
    "time.busy": "0.00ms",
    "time.idle": "0.00ms"
  },
  {
    "level": "INFO",
    "message": "close",
    "span": {
      "name": "Rule",
      "otel.name": "LimitPushdown"
    },
    "spans": [
      {
        "name": "test",
        "test_name": "02_basic_metrics"
      },
      {
        "name": "run_traced_query",
        "query_name": "select_one"
      },
      {
        "logical_plan": "Projection: Int64(1) [Int64(1):Int64]\n  EmptyRelation: rows=1 []",
        "name": "create_physical_plan"
      },
      {
        "name": "Phase",
        "otel.name": "optimize_physical_plan"
      }
    ],
    "target": "integration_utils",
    "time.busy": "0.00ms",
    "time.idle": "0.00ms"
  },
  {
    "level": "INFO",
    "message": "close",
    "span": {
      "name": "Rule",
      "otel.name": "TopKRepartition"
    },
    "spans": [
      {
        "name": "test",
        "test_name": "02_basic_metrics"
      },
      {
        "name": "run_traced_query",
        "query_name": "select_one"
      },
      {
        "logical_plan": "Projection: Int64(1) [Int64(1):Int64]\n  EmptyRelation: rows=1 []",
        "name": "create_physical_plan"
      },
      {
        "name": "Phase",
        "otel.name": "optimize_physical_plan"
      }
    ],
    "target": "integration_utils",
    "time.busy": "0.00ms",
    "time.idle": "0.00ms"
  },
  {
    "level": "INFO",
    "message": "close",
    "span": {
      "name": "Rule",
      "otel.name": "ProjectionPushdown"
    },
    "spans": [
      {
        "name": "test",
        "test_name": "02_basic_metrics"
      },
      {
        "name": "run_traced_query",
        "query_name": "select_one"
      },
      {
        "logical_plan": "Projection: Int64(1) [Int64(1):Int64]\n  EmptyRelation: rows=1 []",
        "name": "create_physical_plan"
      },
      {
        "name": "Phase",
        "otel.name": "optimize_physical_plan"
      }
    ],
    "target": "integration_utils",
    "time.busy": "0.00ms",
    "time.idle": "0.00ms"
  },
  {
    "level": "INFO",
    "message": "close",
    "span": {
      "name": "Rule",
      "otel.name": "PushdownSort"
    },
    "spans": [
      {
        "name": "test",
        "test_name": "02_basic_metrics"
      },
      {
        "name": "run_traced_query",
        "query_name": "select_one"
      },
      {
        "logical_plan": "Projection: Int64(1) [Int64(1):Int64]\n  EmptyRelation: rows=1 []",
        "name": "create_physical_plan"
      },
      {
        "name": "Phase",
        "otel.name": "optimize_physical_plan"
      }
    ],
    "target": "integration_utils",
    "time.busy": "0.00ms",
    "time.idle": "0.00ms"
  },
  {
    "level": "INFO",
    "message": "close",
    "span": {
      "name": "Rule",
      "otel.name": "EnsureCooperative"
    },
    "spans": [
      {
        "name": "test",
        "test_name": "02_basic_metrics"
      },
      {
        "name": "run_traced_query",
        "query_name": "select_one"
      },
      {
        "logical_plan": "Projection: Int64(1) [Int64(1):Int64]\n  EmptyRelation: rows=1 []",
        "name": "create_physical_plan"
      },
      {
        "name": "Phase",
        "otel.name": "optimize_physical_plan"
      }
    ],
    "target": "integration_utils",
    "time.busy": "0.00ms",
    "time.idle": "0.00ms"
  },
  {
    "level": "INFO",
    "message": "close",
    "span": {
      "name": "Rule",
      "otel.name": "FilterPushdown(Post)"
    },
    "spans": [
      {
        "name": "test",
        "test_name": "02_basic_metrics"
      },
      {
        "name": "run_traced_query",
        "query_name": "select_one"
      },
      {
        "logical_plan": "Projection: Int64(1) [Int64(1):Int64]\n  EmptyRelation: rows=1 []",
        "name": "create_physical_plan"
      },
      {
        "name": "Phase",
        "otel.name": "optimize_physical_plan"
      }
    ],
    "target": "integration_utils",
    "time.busy": "0.00ms",
    "time.idle": "0.00ms"
  },
  {
    "level": "INFO",
    "message": "close",
    "span": {
      "name": "Rule",
      "otel.name": "SanityCheckPlan"
    },
    "spans": [
      {
        "name": "test",
        "test_name": "02_basic_metrics"
      },
      {
        "name": "run_traced_query",
        "query_name": "select_one"
      },
      {
        "logical_plan": "Projection: Int64(1) [Int64(1):Int64]\n  EmptyRelation: rows=1 []",
        "name": "create_physical_plan"
      },
      {
        "name": "Phase",
        "otel.name": "optimize_physical_plan"
      }
    ],
    "target": "integration_utils",
    "time.busy": "0.00ms",
    "time.idle": "0.00ms"
  },
  {
    "level": "INFO",
    "message": "close",
    "span": {
      "name": "Rule",
      "otel.name": "Instrument"
    },
    "spans": [
      {
        "name": "test",
        "test_name": "02_basic_metrics"
      },
      {
        "name": "run_traced_query",
        "query_name": "select_one"
      },
      {
        "logical_plan": "Projection: Int64(1) [Int64(1):Int64]\n  EmptyRelation: rows=1 []",
        "name": "create_physical_plan"
      },
      {
        "name": "Phase",
        "otel.name": "optimize_physical_plan"
      }
    ],
    "target": "integration_utils",
    "time.busy": "0.00ms",
    "time.idle": "0.00ms"
  },
  {
    "level": "INFO",
    "message": "close",
    "span": {
      "datafusion.effective_rules": "OutputRequirements, OutputRequirements",
      "name": "Phase",
      "otel.name": "optimize_physical_plan"
    },
    "spans": [
      {
        "name": "test",
        "test_name": "02_basic_metrics"
      },
      {
        "name": "run_traced_query",
        "query_name": "select_one"
      },
      {
        "logical_plan": "Projection: Int64(1) [Int64(1):Int64]\n  EmptyRelation: rows=1 []",
        "name": "create_physical_plan"
      }
    ],
    "target": "integration_utils",
    "time.busy": "0.00ms",
    "time.idle": "0.00ms"
  },
  {
    "level": "INFO",
    "message": "close",
    "span": {
      "logical_plan": "Projection: Int64(1) [Int64(1):Int64]\n  EmptyRelation: rows=1 []",
      "name": "create_physical_plan",
      "physical_plan": "ProjectionExec: expr=[1 as Int64(1)]\n  PlaceholderRowExec\n"
    },
    "spans": [
      {
        "name": "test",
        "test_name": "02_basic_metrics"
      },
      {
        "name": "run_traced_query",
        "query_name": "select_one"
      }
    ],
    "target": "datafusion_tracing::planner",
    "time.busy": "0.00ms",
    "time.idle": "0.00ms"
  },
  {
    "level": "INFO",
    "message": "close",
    "span": {
      "datafusion.boundedness": "Bounded",
      "datafusion.emission_type": "Incremental",
      "datafusion.node": "PlaceholderRowExec",
      "datafusion.partitioning": "UnknownPartitioning(1)",
      "env": "production",
      "name": "InstrumentedExec",
      "otel.name": "PlaceholderRowExec",
      "region": "us-west"
    },
    "spans": [
      {
        "name": "test",
        "test_name": "02_basic_metrics"
      },
      {
        "name": "run_traced_query",
        "query_name": "select_one"
      },
      {
        "datafusion.boundedness": "Bounded",
        "datafusion.emission_type": "Incremental",
        "datafusion.partitioning": "UnknownPartitioning(1)",
        "env": "production",
        "name": "InstrumentedExec",
        "otel.name": "ProjectionExec",
        "region": "us-west"
      }
    ],
    "target": "integration_utils",
    "time.busy": "0.00ms",
    "time.idle": "0.00ms"
  },
  {
    "level": "INFO",
    "message": "close",
    "span": {
      "datafusion.boundedness": "Bounded",
      "datafusion.emission_type": "Incremental",
      "datafusion.metrics.elapsed_compute": "0.00ms",
      "datafusion.metrics.end_timestamp": "1970-01-01 00:00:00 UTC",
      "datafusion.metrics.output_batches": "1",
      "datafusion.metrics.output_bytes": "8.0 B",
      "datafusion.metrics.output_rows": "1",
      "datafusion.metrics.start_timestamp": "1970-01-01 00:00:00 UTC",
      "datafusion.node": "ProjectionExec: expr=[1 as Int64(1)]",
      "datafusion.partitioning": "UnknownPartitioning(1)",
      "env": "production",
      "name": "InstrumentedExec",
      "otel.name": "ProjectionExec",
      "region": "us-west"
    },
    "spans": [
      {
        "name": "test",
        "test_name": "02_basic_metrics"
      },
      {
        "name": "run_traced_query",
        "query_name": "select_one"
      }
    ],
    "target": "integration_utils",
    "time.busy": "0.00ms",
    "time.idle": "0.00ms"
  },
  {
    "level": "INFO",
    "message": "close",
    "span": {
      "name": "run_traced_query",
      "query_name": "select_one"
    },
    "spans": [
      {
        "name": "test",
        "test_name": "02_basic_metrics"
      }
    ],
    "target": "integration_utils",
    "time.busy": "0.00ms",
    "time.idle": "0.00ms"
  }
]
