---
source: tests/integration_tests.rs
expression: full_trace_lines
---
[
  {
    "level": "INFO",
    "message": "close",
    "span": {
      "name": "read_query",
      "query": "SELECT * from nation order by n_name;"
    },
    "spans": [
      {
        "name": "test",
        "test_name": "06_object_store_all_options"
      },
      {
        "name": "run_traced_query",
        "query_name": "order_nations"
      }
    ],
    "target": "integration_utils",
    "time.busy": "0.00ms",
    "time.idle": "0.00ms"
  },
  {
    "level": "INFO",
    "message": "close",
    "span": {
      "logical_plan": "Sort: nation.n_name ASC NULLS LAST [n_nationkey:Int64, n_name:Utf8View, n_regionkey:Int64, n_comment:Utf8View]\n  Projection: nation.n_nationkey, nation.n_name, nation.n_regionkey, nation.n_comment [n_nationkey:Int64, n_name:Utf8View, n_regionkey:Int64, n_comment:Utf8View]\n    TableScan: nation [n_nationkey:Int64, n_name:Utf8View, n_regionkey:Int64, n_comment:Utf8View]",
      "name": "parse_sql",
      "sql": "SELECT * from nation order by n_name;"
    },
    "spans": [
      {
        "name": "test",
        "test_name": "06_object_store_all_options"
      },
      {
        "name": "run_traced_query",
        "query_name": "order_nations"
      }
    ],
    "target": "integration_utils",
    "time.busy": "0.00ms",
    "time.idle": "0.00ms"
  },
  {
    "level": "INFO",
    "message": "close",
    "span": {
      "name": "Rule",
      "otel.name": "resolve_grouping_function"
    },
    "spans": [
      {
        "name": "test",
        "test_name": "06_object_store_all_options"
      },
      {
        "name": "run_traced_query",
        "query_name": "order_nations"
      },
      {
        "name": "Phase",
        "otel.name": "analyze_logical_plan"
      }
    ],
    "target": "integration_utils",
    "time.busy": "0.00ms",
    "time.idle": "0.00ms"
  },
  {
    "level": "INFO",
    "message": "close",
    "span": {
      "name": "Rule",
      "otel.name": "type_coercion"
    },
    "spans": [
      {
        "name": "test",
        "test_name": "06_object_store_all_options"
      },
      {
        "name": "run_traced_query",
        "query_name": "order_nations"
      },
      {
        "name": "Phase",
        "otel.name": "analyze_logical_plan"
      }
    ],
    "target": "integration_utils",
    "time.busy": "0.00ms",
    "time.idle": "0.00ms"
  },
  {
    "level": "INFO",
    "message": "close",
    "span": {
      "name": "Phase",
      "otel.name": "analyze_logical_plan"
    },
    "spans": [
      {
        "name": "test",
        "test_name": "06_object_store_all_options"
      },
      {
        "name": "run_traced_query",
        "query_name": "order_nations"
      }
    ],
    "target": "integration_utils",
    "time.busy": "0.00ms",
    "time.idle": "0.00ms"
  },
  {
    "level": "INFO",
    "message": "close",
    "span": {
      "name": "Rule",
      "otel.name": "rewrite_set_comparison"
    },
    "spans": [
      {
        "name": "test",
        "test_name": "06_object_store_all_options"
      },
      {
        "name": "run_traced_query",
        "query_name": "order_nations"
      },
      {
        "datafusion.optimizer.max_passes": 3,
        "datafusion.optimizer.pass": 1,
        "name": "Phase",
        "otel.name": "optimize_logical_plan"
      }
    ],
    "target": "integration_utils",
    "time.busy": "0.00ms",
    "time.idle": "0.00ms"
  },
  {
    "level": "INFO",
    "message": "close",
    "span": {
      "name": "Rule",
      "otel.name": "optimize_unions"
    },
    "spans": [
      {
        "name": "test",
        "test_name": "06_object_store_all_options"
      },
      {
        "name": "run_traced_query",
        "query_name": "order_nations"
      },
      {
        "datafusion.optimizer.max_passes": 3,
        "datafusion.optimizer.pass": 1,
        "name": "Phase",
        "otel.name": "optimize_logical_plan"
      }
    ],
    "target": "integration_utils",
    "time.busy": "0.00ms",
    "time.idle": "0.00ms"
  },
  {
    "level": "INFO",
    "message": "close",
    "span": {
      "name": "Rule",
      "otel.name": "unions_to_filter"
    },
    "spans": [
      {
        "name": "test",
        "test_name": "06_object_store_all_options"
      },
      {
        "name": "run_traced_query",
        "query_name": "order_nations"
      },
      {
        "datafusion.optimizer.max_passes": 3,
        "datafusion.optimizer.pass": 1,
        "name": "Phase",
        "otel.name": "optimize_logical_plan"
      }
    ],
    "target": "integration_utils",
    "time.busy": "0.00ms",
    "time.idle": "0.00ms"
  },
  {
    "level": "INFO",
    "message": "close",
    "span": {
      "name": "Rule",
      "otel.name": "simplify_expressions"
    },
    "spans": [
      {
        "name": "test",
        "test_name": "06_object_store_all_options"
      },
      {
        "name": "run_traced_query",
        "query_name": "order_nations"
      },
      {
        "datafusion.optimizer.max_passes": 3,
        "datafusion.optimizer.pass": 1,
        "name": "Phase",
        "otel.name": "optimize_logical_plan"
      }
    ],
    "target": "integration_utils",
    "time.busy": "0.00ms",
    "time.idle": "0.00ms"
  },
  {
    "level": "INFO",
    "message": "close",
    "span": {
      "name": "Rule",
      "otel.name": "replace_distinct_aggregate"
    },
    "spans": [
      {
        "name": "test",
        "test_name": "06_object_store_all_options"
      },
      {
        "name": "run_traced_query",
        "query_name": "order_nations"
      },
      {
        "datafusion.optimizer.max_passes": 3,
        "datafusion.optimizer.pass": 1,
        "name": "Phase",
        "otel.name": "optimize_logical_plan"
      }
    ],
    "target": "integration_utils",
    "time.busy": "0.00ms",
    "time.idle": "0.00ms"
  },
  {
    "level": "INFO",
    "message": "close",
    "span": {
      "name": "Rule",
      "otel.name": "eliminate_join"
    },
    "spans": [
      {
        "name": "test",
        "test_name": "06_object_store_all_options"
      },
      {
        "name": "run_traced_query",
        "query_name": "order_nations"
      },
      {
        "datafusion.optimizer.max_passes": 3,
        "datafusion.optimizer.pass": 1,
        "name": "Phase",
        "otel.name": "optimize_logical_plan"
      }
    ],
    "target": "integration_utils",
    "time.busy": "0.00ms",
    "time.idle": "0.00ms"
  },
  {
    "level": "INFO",
    "message": "close",
    "span": {
      "name": "Rule",
      "otel.name": "decorrelate_predicate_subquery"
    },
    "spans": [
      {
        "name": "test",
        "test_name": "06_object_store_all_options"
      },
      {
        "name": "run_traced_query",
        "query_name": "order_nations"
      },
      {
        "datafusion.optimizer.max_passes": 3,
        "datafusion.optimizer.pass": 1,
        "name": "Phase",
        "otel.name": "optimize_logical_plan"
      }
    ],
    "target": "integration_utils",
    "time.busy": "0.00ms",
    "time.idle": "0.00ms"
  },
  {
    "level": "INFO",
    "message": "close",
    "span": {
      "name": "Rule",
      "otel.name": "scalar_subquery_to_join"
    },
    "spans": [
      {
        "name": "test",
        "test_name": "06_object_store_all_options"
      },
      {
        "name": "run_traced_query",
        "query_name": "order_nations"
      },
      {
        "datafusion.optimizer.max_passes": 3,
        "datafusion.optimizer.pass": 1,
        "name": "Phase",
        "otel.name": "optimize_logical_plan"
      }
    ],
    "target": "integration_utils",
    "time.busy": "0.00ms",
    "time.idle": "0.00ms"
  },
  {
    "level": "INFO",
    "message": "close",
    "span": {
      "name": "Rule",
      "otel.name": "decorrelate_lateral_join"
    },
    "spans": [
      {
        "name": "test",
        "test_name": "06_object_store_all_options"
      },
      {
        "name": "run_traced_query",
        "query_name": "order_nations"
      },
      {
        "datafusion.optimizer.max_passes": 3,
        "datafusion.optimizer.pass": 1,
        "name": "Phase",
        "otel.name": "optimize_logical_plan"
      }
    ],
    "target": "integration_utils",
    "time.busy": "0.00ms",
    "time.idle": "0.00ms"
  },
  {
    "level": "INFO",
    "message": "close",
    "span": {
      "name": "Rule",
      "otel.name": "extract_equijoin_predicate"
    },
    "spans": [
      {
        "name": "test",
        "test_name": "06_object_store_all_options"
      },
      {
        "name": "run_traced_query",
        "query_name": "order_nations"
      },
      {
        "datafusion.optimizer.max_passes": 3,
        "datafusion.optimizer.pass": 1,
        "name": "Phase",
        "otel.name": "optimize_logical_plan"
      }
    ],
    "target": "integration_utils",
    "time.busy": "0.00ms",
    "time.idle": "0.00ms"
  },
  {
    "level": "INFO",
    "message": "close",
    "span": {
      "name": "Rule",
      "otel.name": "eliminate_duplicated_expr"
    },
    "spans": [
      {
        "name": "test",
        "test_name": "06_object_store_all_options"
      },
      {
        "name": "run_traced_query",
        "query_name": "order_nations"
      },
      {
        "datafusion.optimizer.max_passes": 3,
        "datafusion.optimizer.pass": 1,
        "name": "Phase",
        "otel.name": "optimize_logical_plan"
      }
    ],
    "target": "integration_utils",
    "time.busy": "0.00ms",
    "time.idle": "0.00ms"
  },
  {
    "level": "INFO",
    "message": "close",
    "span": {
      "name": "Rule",
      "otel.name": "eliminate_filter"
    },
    "spans": [
      {
        "name": "test",
        "test_name": "06_object_store_all_options"
      },
      {
        "name": "run_traced_query",
        "query_name": "order_nations"
      },
      {
        "datafusion.optimizer.max_passes": 3,
        "datafusion.optimizer.pass": 1,
        "name": "Phase",
        "otel.name": "optimize_logical_plan"
      }
    ],
    "target": "integration_utils",
    "time.busy": "0.00ms",
    "time.idle": "0.00ms"
  },
  {
    "level": "INFO",
    "message": "close",
    "span": {
      "name": "Rule",
      "otel.name": "eliminate_cross_join"
    },
    "spans": [
      {
        "name": "test",
        "test_name": "06_object_store_all_options"
      },
      {
        "name": "run_traced_query",
        "query_name": "order_nations"
      },
      {
        "datafusion.optimizer.max_passes": 3,
        "datafusion.optimizer.pass": 1,
        "name": "Phase",
        "otel.name": "optimize_logical_plan"
      }
    ],
    "target": "integration_utils",
    "time.busy": "0.00ms",
    "time.idle": "0.00ms"
  },
  {
    "level": "INFO",
    "message": "close",
    "span": {
      "name": "Rule",
      "otel.name": "eliminate_limit"
    },
    "spans": [
      {
        "name": "test",
        "test_name": "06_object_store_all_options"
      },
      {
        "name": "run_traced_query",
        "query_name": "order_nations"
      },
      {
        "datafusion.optimizer.max_passes": 3,
        "datafusion.optimizer.pass": 1,
        "name": "Phase",
        "otel.name": "optimize_logical_plan"
      }
    ],
    "target": "integration_utils",
    "time.busy": "0.00ms",
    "time.idle": "0.00ms"
  },
  {
    "level": "INFO",
    "message": "close",
    "span": {
      "name": "Rule",
      "otel.name": "propagate_empty_relation"
    },
    "spans": [
      {
        "name": "test",
        "test_name": "06_object_store_all_options"
      },
      {
        "name": "run_traced_query",
        "query_name": "order_nations"
      },
      {
        "datafusion.optimizer.max_passes": 3,
        "datafusion.optimizer.pass": 1,
        "name": "Phase",
        "otel.name": "optimize_logical_plan"
      }
    ],
    "target": "integration_utils",
    "time.busy": "0.00ms",
    "time.idle": "0.00ms"
  },
  {
    "level": "INFO",
    "message": "close",
    "span": {
      "name": "Rule",
      "otel.name": "filter_null_join_keys"
    },
    "spans": [
      {
        "name": "test",
        "test_name": "06_object_store_all_options"
      },
      {
        "name": "run_traced_query",
        "query_name": "order_nations"
      },
      {
        "datafusion.optimizer.max_passes": 3,
        "datafusion.optimizer.pass": 1,
        "name": "Phase",
        "otel.name": "optimize_logical_plan"
      }
    ],
    "target": "integration_utils",
    "time.busy": "0.00ms",
    "time.idle": "0.00ms"
  },
  {
    "level": "INFO",
    "message": "close",
    "span": {
      "name": "Rule",
      "otel.name": "eliminate_outer_join"
    },
    "spans": [
      {
        "name": "test",
        "test_name": "06_object_store_all_options"
      },
      {
        "name": "run_traced_query",
        "query_name": "order_nations"
      },
      {
        "datafusion.optimizer.max_passes": 3,
        "datafusion.optimizer.pass": 1,
        "name": "Phase",
        "otel.name": "optimize_logical_plan"
      }
    ],
    "target": "integration_utils",
    "time.busy": "0.00ms",
    "time.idle": "0.00ms"
  },
  {
    "level": "INFO",
    "message": "close",
    "span": {
      "name": "Rule",
      "otel.name": "push_down_limit"
    },
    "spans": [
      {
        "name": "test",
        "test_name": "06_object_store_all_options"
      },
      {
        "name": "run_traced_query",
        "query_name": "order_nations"
      },
      {
        "datafusion.optimizer.max_passes": 3,
        "datafusion.optimizer.pass": 1,
        "name": "Phase",
        "otel.name": "optimize_logical_plan"
      }
    ],
    "target": "integration_utils",
    "time.busy": "0.00ms",
    "time.idle": "0.00ms"
  },
  {
    "level": "INFO",
    "message": "close",
    "span": {
      "name": "Rule",
      "otel.name": "push_down_filter"
    },
    "spans": [
      {
        "name": "test",
        "test_name": "06_object_store_all_options"
      },
      {
        "name": "run_traced_query",
        "query_name": "order_nations"
      },
      {
        "datafusion.optimizer.max_passes": 3,
        "datafusion.optimizer.pass": 1,
        "name": "Phase",
        "otel.name": "optimize_logical_plan"
      }
    ],
    "target": "integration_utils",
    "time.busy": "0.00ms",
    "time.idle": "0.00ms"
  },
  {
    "level": "INFO",
    "message": "close",
    "span": {
      "name": "Rule",
      "otel.name": "single_distinct_aggregation_to_group_by"
    },
    "spans": [
      {
        "name": "test",
        "test_name": "06_object_store_all_options"
      },
      {
        "name": "run_traced_query",
        "query_name": "order_nations"
      },
      {
        "datafusion.optimizer.max_passes": 3,
        "datafusion.optimizer.pass": 1,
        "name": "Phase",
        "otel.name": "optimize_logical_plan"
      }
    ],
    "target": "integration_utils",
    "time.busy": "0.00ms",
    "time.idle": "0.00ms"
  },
  {
    "level": "INFO",
    "message": "close",
    "span": {
      "name": "Rule",
      "otel.name": "eliminate_group_by_constant"
    },
    "spans": [
      {
        "name": "test",
        "test_name": "06_object_store_all_options"
      },
      {
        "name": "run_traced_query",
        "query_name": "order_nations"
      },
      {
        "datafusion.optimizer.max_passes": 3,
        "datafusion.optimizer.pass": 1,
        "name": "Phase",
        "otel.name": "optimize_logical_plan"
      }
    ],
    "target": "integration_utils",
    "time.busy": "0.00ms",
    "time.idle": "0.00ms"
  },
  {
    "level": "INFO",
    "message": "close",
    "span": {
      "name": "Rule",
      "otel.name": "common_sub_expression_eliminate"
    },
    "spans": [
      {
        "name": "test",
        "test_name": "06_object_store_all_options"
      },
      {
        "name": "run_traced_query",
        "query_name": "order_nations"
      },
      {
        "datafusion.optimizer.max_passes": 3,
        "datafusion.optimizer.pass": 1,
        "name": "Phase",
        "otel.name": "optimize_logical_plan"
      }
    ],
    "target": "integration_utils",
    "time.busy": "0.00ms",
    "time.idle": "0.00ms"
  },
  {
    "level": "INFO",
    "message": "close",
    "span": {
      "name": "Rule",
      "otel.name": "extract_leaf_expressions"
    },
    "spans": [
      {
        "name": "test",
        "test_name": "06_object_store_all_options"
      },
      {
        "name": "run_traced_query",
        "query_name": "order_nations"
      },
      {
        "datafusion.optimizer.max_passes": 3,
        "datafusion.optimizer.pass": 1,
        "name": "Phase",
        "otel.name": "optimize_logical_plan"
      }
    ],
    "target": "integration_utils",
    "time.busy": "0.00ms",
    "time.idle": "0.00ms"
  },
  {
    "level": "INFO",
    "message": "close",
    "span": {
      "name": "Rule",
      "otel.name": "push_down_leaf_projections"
    },
    "spans": [
      {
        "name": "test",
        "test_name": "06_object_store_all_options"
      },
      {
        "name": "run_traced_query",
        "query_name": "order_nations"
      },
      {
        "datafusion.optimizer.max_passes": 3,
        "datafusion.optimizer.pass": 1,
        "name": "Phase",
        "otel.name": "optimize_logical_plan"
      }
    ],
    "target": "integration_utils",
    "time.busy": "0.00ms",
    "time.idle": "0.00ms"
  },
  {
    "level": "INFO",
    "message": "close",
    "span": {
      "name": "Rule",
      "otel.name": "optimize_projections (modified)"
    },
    "spans": [
      {
        "name": "test",
        "test_name": "06_object_store_all_options"
      },
      {
        "name": "run_traced_query",
        "query_name": "order_nations"
      },
      {
        "datafusion.optimizer.max_passes": 3,
        "datafusion.optimizer.pass": 1,
        "name": "Phase",
        "otel.name": "optimize_logical_plan"
      }
    ],
    "target": "integration_utils",
    "time.busy": "0.00ms",
    "time.idle": "0.00ms"
  },
  {
    "level": "INFO",
    "message": "close",
    "span": {
      "datafusion.effective_rules": "optimize_projections",
      "datafusion.optimizer.max_passes": 3,
      "datafusion.optimizer.pass": 1,
      "name": "Phase",
      "otel.name": "optimize_logical_plan"
    },
    "spans": [
      {
        "name": "test",
        "test_name": "06_object_store_all_options"
      },
      {
        "name": "run_traced_query",
        "query_name": "order_nations"
      }
    ],
    "target": "integration_utils",
    "time.busy": "0.00ms",
    "time.idle": "0.00ms"
  },
  {
    "level": "INFO",
    "message": "close",
    "span": {
      "name": "Rule",
      "otel.name": "rewrite_set_comparison"
    },
    "spans": [
      {
        "name": "test",
        "test_name": "06_object_store_all_options"
      },
      {
        "name": "run_traced_query",
        "query_name": "order_nations"
      },
      {
        "datafusion.optimizer.max_passes": 3,
        "datafusion.optimizer.pass": 2,
        "name": "Phase",
        "otel.name": "optimize_logical_plan"
      }
    ],
    "target": "integration_utils",
    "time.busy": "0.00ms",
    "time.idle": "0.00ms"
  },
  {
    "level": "INFO",
    "message": "close",
    "span": {
      "name": "Rule",
      "otel.name": "optimize_unions"
    },
    "spans": [
      {
        "name": "test",
        "test_name": "06_object_store_all_options"
      },
      {
        "name": "run_traced_query",
        "query_name": "order_nations"
      },
      {
        "datafusion.optimizer.max_passes": 3,
        "datafusion.optimizer.pass": 2,
        "name": "Phase",
        "otel.name": "optimize_logical_plan"
      }
    ],
    "target": "integration_utils",
    "time.busy": "0.00ms",
    "time.idle": "0.00ms"
  },
  {
    "level": "INFO",
    "message": "close",
    "span": {
      "name": "Rule",
      "otel.name": "unions_to_filter"
    },
    "spans": [
      {
        "name": "test",
        "test_name": "06_object_store_all_options"
      },
      {
        "name": "run_traced_query",
        "query_name": "order_nations"
      },
      {
        "datafusion.optimizer.max_passes": 3,
        "datafusion.optimizer.pass": 2,
        "name": "Phase",
        "otel.name": "optimize_logical_plan"
      }
    ],
    "target": "integration_utils",
    "time.busy": "0.00ms",
    "time.idle": "0.00ms"
  },
  {
    "level": "INFO",
    "message": "close",
    "span": {
      "name": "Rule",
      "otel.name": "simplify_expressions"
    },
    "spans": [
      {
        "name": "test",
        "test_name": "06_object_store_all_options"
      },
      {
        "name": "run_traced_query",
        "query_name": "order_nations"
      },
      {
        "datafusion.optimizer.max_passes": 3,
        "datafusion.optimizer.pass": 2,
        "name": "Phase",
        "otel.name": "optimize_logical_plan"
      }
    ],
    "target": "integration_utils",
    "time.busy": "0.00ms",
    "time.idle": "0.00ms"
  },
  {
    "level": "INFO",
    "message": "close",
    "span": {
      "name": "Rule",
      "otel.name": "replace_distinct_aggregate"
    },
    "spans": [
      {
        "name": "test",
        "test_name": "06_object_store_all_options"
      },
      {
        "name": "run_traced_query",
        "query_name": "order_nations"
      },
      {
        "datafusion.optimizer.max_passes": 3,
        "datafusion.optimizer.pass": 2,
        "name": "Phase",
        "otel.name": "optimize_logical_plan"
      }
    ],
    "target": "integration_utils",
    "time.busy": "0.00ms",
    "time.idle": "0.00ms"
  },
  {
    "level": "INFO",
    "message": "close",
    "span": {
      "name": "Rule",
      "otel.name": "eliminate_join"
    },
    "spans": [
      {
        "name": "test",
        "test_name": "06_object_store_all_options"
      },
      {
        "name": "run_traced_query",
        "query_name": "order_nations"
      },
      {
        "datafusion.optimizer.max_passes": 3,
        "datafusion.optimizer.pass": 2,
        "name": "Phase",
        "otel.name": "optimize_logical_plan"
      }
    ],
    "target": "integration_utils",
    "time.busy": "0.00ms",
    "time.idle": "0.00ms"
  },
  {
    "level": "INFO",
    "message": "close",
    "span": {
      "name": "Rule",
      "otel.name": "decorrelate_predicate_subquery"
    },
    "spans": [
      {
        "name": "test",
        "test_name": "06_object_store_all_options"
      },
      {
        "name": "run_traced_query",
        "query_name": "order_nations"
      },
      {
        "datafusion.optimizer.max_passes": 3,
        "datafusion.optimizer.pass": 2,
        "name": "Phase",
        "otel.name": "optimize_logical_plan"
      }
    ],
    "target": "integration_utils",
    "time.busy": "0.00ms",
    "time.idle": "0.00ms"
  },
  {
    "level": "INFO",
    "message": "close",
    "span": {
      "name": "Rule",
      "otel.name": "scalar_subquery_to_join"
    },
    "spans": [
      {
        "name": "test",
        "test_name": "06_object_store_all_options"
      },
      {
        "name": "run_traced_query",
        "query_name": "order_nations"
      },
      {
        "datafusion.optimizer.max_passes": 3,
        "datafusion.optimizer.pass": 2,
        "name": "Phase",
        "otel.name": "optimize_logical_plan"
      }
    ],
    "target": "integration_utils",
    "time.busy": "0.00ms",
    "time.idle": "0.00ms"
  },
  {
    "level": "INFO",
    "message": "close",
    "span": {
      "name": "Rule",
      "otel.name": "decorrelate_lateral_join"
    },
    "spans": [
      {
        "name": "test",
        "test_name": "06_object_store_all_options"
      },
      {
        "name": "run_traced_query",
        "query_name": "order_nations"
      },
      {
        "datafusion.optimizer.max_passes": 3,
        "datafusion.optimizer.pass": 2,
        "name": "Phase",
        "otel.name": "optimize_logical_plan"
      }
    ],
    "target": "integration_utils",
    "time.busy": "0.00ms",
    "time.idle": "0.00ms"
  },
  {
    "level": "INFO",
    "message": "close",
    "span": {
      "name": "Rule",
      "otel.name": "extract_equijoin_predicate"
    },
    "spans": [
      {
        "name": "test",
        "test_name": "06_object_store_all_options"
      },
      {
        "name": "run_traced_query",
        "query_name": "order_nations"
      },
      {
        "datafusion.optimizer.max_passes": 3,
        "datafusion.optimizer.pass": 2,
        "name": "Phase",
        "otel.name": "optimize_logical_plan"
      }
    ],
    "target": "integration_utils",
    "time.busy": "0.00ms",
    "time.idle": "0.00ms"
  },
  {
    "level": "INFO",
    "message": "close",
    "span": {
      "name": "Rule",
      "otel.name": "eliminate_duplicated_expr"
    },
    "spans": [
      {
        "name": "test",
        "test_name": "06_object_store_all_options"
      },
      {
        "name": "run_traced_query",
        "query_name": "order_nations"
      },
      {
        "datafusion.optimizer.max_passes": 3,
        "datafusion.optimizer.pass": 2,
        "name": "Phase",
        "otel.name": "optimize_logical_plan"
      }
    ],
    "target": "integration_utils",
    "time.busy": "0.00ms",
    "time.idle": "0.00ms"
  },
  {
    "level": "INFO",
    "message": "close",
    "span": {
      "name": "Rule",
      "otel.name": "eliminate_filter"
    },
    "spans": [
      {
        "name": "test",
        "test_name": "06_object_store_all_options"
      },
      {
        "name": "run_traced_query",
        "query_name": "order_nations"
      },
      {
        "datafusion.optimizer.max_passes": 3,
        "datafusion.optimizer.pass": 2,
        "name": "Phase",
        "otel.name": "optimize_logical_plan"
      }
    ],
    "target": "integration_utils",
    "time.busy": "0.00ms",
    "time.idle": "0.00ms"
  },
  {
    "level": "INFO",
    "message": "close",
    "span": {
      "name": "Rule",
      "otel.name": "eliminate_cross_join"
    },
    "spans": [
      {
        "name": "test",
        "test_name": "06_object_store_all_options"
      },
      {
        "name": "run_traced_query",
        "query_name": "order_nations"
      },
      {
        "datafusion.optimizer.max_passes": 3,
        "datafusion.optimizer.pass": 2,
        "name": "Phase",
        "otel.name": "optimize_logical_plan"
      }
    ],
    "target": "integration_utils",
    "time.busy": "0.00ms",
    "time.idle": "0.00ms"
  },
  {
    "level": "INFO",
    "message": "close",
    "span": {
      "name": "Rule",
      "otel.name": "eliminate_limit"
    },
    "spans": [
      {
        "name": "test",
        "test_name": "06_object_store_all_options"
      },
      {
        "name": "run_traced_query",
        "query_name": "order_nations"
      },
      {
        "datafusion.optimizer.max_passes": 3,
        "datafusion.optimizer.pass": 2,
        "name": "Phase",
        "otel.name": "optimize_logical_plan"
      }
    ],
    "target": "integration_utils",
    "time.busy": "0.00ms",
    "time.idle": "0.00ms"
  },
  {
    "level": "INFO",
    "message": "close",
    "span": {
      "name": "Rule",
      "otel.name": "propagate_empty_relation"
    },
    "spans": [
      {
        "name": "test",
        "test_name": "06_object_store_all_options"
      },
      {
        "name": "run_traced_query",
        "query_name": "order_nations"
      },
      {
        "datafusion.optimizer.max_passes": 3,
        "datafusion.optimizer.pass": 2,
        "name": "Phase",
        "otel.name": "optimize_logical_plan"
      }
    ],
    "target": "integration_utils",
    "time.busy": "0.00ms",
    "time.idle": "0.00ms"
  },
  {
    "level": "INFO",
    "message": "close",
    "span": {
      "name": "Rule",
      "otel.name": "filter_null_join_keys"
    },
    "spans": [
      {
        "name": "test",
        "test_name": "06_object_store_all_options"
      },
      {
        "name": "run_traced_query",
        "query_name": "order_nations"
      },
      {
        "datafusion.optimizer.max_passes": 3,
        "datafusion.optimizer.pass": 2,
        "name": "Phase",
        "otel.name": "optimize_logical_plan"
      }
    ],
    "target": "integration_utils",
    "time.busy": "0.00ms",
    "time.idle": "0.00ms"
  },
  {
    "level": "INFO",
    "message": "close",
    "span": {
      "name": "Rule",
      "otel.name": "eliminate_outer_join"
    },
    "spans": [
      {
        "name": "test",
        "test_name": "06_object_store_all_options"
      },
      {
        "name": "run_traced_query",
        "query_name": "order_nations"
      },
      {
        "datafusion.optimizer.max_passes": 3,
        "datafusion.optimizer.pass": 2,
        "name": "Phase",
        "otel.name": "optimize_logical_plan"
      }
    ],
    "target": "integration_utils",
    "time.busy": "0.00ms",
    "time.idle": "0.00ms"
  },
  {
    "level": "INFO",
    "message": "close",
    "span": {
      "name": "Rule",
      "otel.name": "push_down_limit"
    },
    "spans": [
      {
        "name": "test",
        "test_name": "06_object_store_all_options"
      },
      {
        "name": "run_traced_query",
        "query_name": "order_nations"
      },
      {
        "datafusion.optimizer.max_passes": 3,
        "datafusion.optimizer.pass": 2,
        "name": "Phase",
        "otel.name": "optimize_logical_plan"
      }
    ],
    "target": "integration_utils",
    "time.busy": "0.00ms",
    "time.idle": "0.00ms"
  },
  {
    "level": "INFO",
    "message": "close",
    "span": {
      "name": "Rule",
      "otel.name": "push_down_filter"
    },
    "spans": [
      {
        "name": "test",
        "test_name": "06_object_store_all_options"
      },
      {
        "name": "run_traced_query",
        "query_name": "order_nations"
      },
      {
        "datafusion.optimizer.max_passes": 3,
        "datafusion.optimizer.pass": 2,
        "name": "Phase",
        "otel.name": "optimize_logical_plan"
      }
    ],
    "target": "integration_utils",
    "time.busy": "0.00ms",
    "time.idle": "0.00ms"
  },
  {
    "level": "INFO",
    "message": "close",
    "span": {
      "name": "Rule",
      "otel.name": "single_distinct_aggregation_to_group_by"
    },
    "spans": [
      {
        "name": "test",
        "test_name": "06_object_store_all_options"
      },
      {
        "name": "run_traced_query",
        "query_name": "order_nations"
      },
      {
        "datafusion.optimizer.max_passes": 3,
        "datafusion.optimizer.pass": 2,
        "name": "Phase",
        "otel.name": "optimize_logical_plan"
      }
    ],
    "target": "integration_utils",
    "time.busy": "0.00ms",
    "time.idle": "0.00ms"
  },
  {
    "level": "INFO",
    "message": "close",
    "span": {
      "name": "Rule",
      "otel.name": "eliminate_group_by_constant"
    },
    "spans": [
      {
        "name": "test",
        "test_name": "06_object_store_all_options"
      },
      {
        "name": "run_traced_query",
        "query_name": "order_nations"
      },
      {
        "datafusion.optimizer.max_passes": 3,
        "datafusion.optimizer.pass": 2,
        "name": "Phase",
        "otel.name": "optimize_logical_plan"
      }
    ],
    "target": "integration_utils",
    "time.busy": "0.00ms",
    "time.idle": "0.00ms"
  },
  {
    "level": "INFO",
    "message": "close",
    "span": {
      "name": "Rule",
      "otel.name": "common_sub_expression_eliminate"
    },
    "spans": [
      {
        "name": "test",
        "test_name": "06_object_store_all_options"
      },
      {
        "name": "run_traced_query",
        "query_name": "order_nations"
      },
      {
        "datafusion.optimizer.max_passes": 3,
        "datafusion.optimizer.pass": 2,
        "name": "Phase",
        "otel.name": "optimize_logical_plan"
      }
    ],
    "target": "integration_utils",
    "time.busy": "0.00ms",
    "time.idle": "0.00ms"
  },
  {
    "level": "INFO",
    "message": "close",
    "span": {
      "name": "Rule",
      "otel.name": "extract_leaf_expressions"
    },
    "spans": [
      {
        "name": "test",
        "test_name": "06_object_store_all_options"
      },
      {
        "name": "run_traced_query",
        "query_name": "order_nations"
      },
      {
        "datafusion.optimizer.max_passes": 3,
        "datafusion.optimizer.pass": 2,
        "name": "Phase",
        "otel.name": "optimize_logical_plan"
      }
    ],
    "target": "integration_utils",
    "time.busy": "0.00ms",
    "time.idle": "0.00ms"
  },
  {
    "level": "INFO",
    "message": "close",
    "span": {
      "name": "Rule",
      "otel.name": "push_down_leaf_projections"
    },
    "spans": [
      {
        "name": "test",
        "test_name": "06_object_store_all_options"
      },
      {
        "name": "run_traced_query",
        "query_name": "order_nations"
      },
      {
        "datafusion.optimizer.max_passes": 3,
        "datafusion.optimizer.pass": 2,
        "name": "Phase",
        "otel.name": "optimize_logical_plan"
      }
    ],
    "target": "integration_utils",
    "time.busy": "0.00ms",
    "time.idle": "0.00ms"
  },
  {
    "level": "INFO",
    "message": "close",
    "span": {
      "name": "Rule",
      "otel.name": "optimize_projections"
    },
    "spans": [
      {
        "name": "test",
        "test_name": "06_object_store_all_options"
      },
      {
        "name": "run_traced_query",
        "query_name": "order_nations"
      },
      {
        "datafusion.optimizer.max_passes": 3,
        "datafusion.optimizer.pass": 2,
        "name": "Phase",
        "otel.name": "optimize_logical_plan"
      }
    ],
    "target": "integration_utils",
    "time.busy": "0.00ms",
    "time.idle": "0.00ms"
  },
  {
    "level": "INFO",
    "message": "close",
    "span": {
      "datafusion.optimizer.max_passes": 3,
      "datafusion.optimizer.pass": 2,
      "name": "Phase",
      "otel.name": "optimize_logical_plan"
    },
    "spans": [
      {
        "name": "test",
        "test_name": "06_object_store_all_options"
      },
      {
        "name": "run_traced_query",
        "query_name": "order_nations"
      }
    ],
    "target": "integration_utils",
    "time.busy": "0.00ms",
    "time.idle": "0.00ms"
  },
  {
    "level": "INFO",
    "message": "close",
    "span": {
      "name": "get_opts",
      "object_store.location": "<TPCH_TABLES_DIR>/nation.parquet",
      "object_store.options": "GetOptions { if_match: None, if_none_match: None, if_modified_since: None, if_unmodified_since: None, range: None, version: None, head: true, extensions: {} }",
      "object_store.result.meta": "ObjectMeta { location: Path { raw: \"<TPCH_TABLES_DIR>/nation.parquet\" }, last_modified: 1970-01-01T00:00:00Z, size: 2670, e_tag: Some\("ffffffff-fffffffffffff-fff"\), version: None }",
      "object_store.result.range": "0..2670",
      "otel.name": "local_fs.get_opts"
    },
    "spans": [
      {
        "name": "test",
        "test_name": "06_object_store_all_options"
      },
      {
        "name": "run_traced_query",
        "query_name": "order_nations"
      },
      {
        "logical_plan": "Sort: nation.n_name ASC NULLS LAST [n_nationkey:Int64, n_name:Utf8View, n_regionkey:Int64, n_comment:Utf8View]\n  TableScan: nation projection=[n_nationkey, n_name, n_regionkey, n_comment] [n_nationkey:Int64, n_name:Utf8View, n_regionkey:Int64, n_comment:Utf8View]",
        "name": "create_physical_plan"
      }
    ],
    "target": "instrumented_object_store::instrumented_object_store",
    "time.busy": "0.00ms",
    "time.idle": "0.00ms"
  },
  {
    "level": "INFO",
    "message": "close",
    "span": {
      "name": "Rule",
      "otel.name": "OutputRequirements (modified)"
    },
    "spans": [
      {
        "name": "test",
        "test_name": "06_object_store_all_options"
      },
      {
        "name": "run_traced_query",
        "query_name": "order_nations"
      },
      {
        "logical_plan": "Sort: nation.n_name ASC NULLS LAST [n_nationkey:Int64, n_name:Utf8View, n_regionkey:Int64, n_comment:Utf8View]\n  TableScan: nation projection=[n_nationkey, n_name, n_regionkey, n_comment] [n_nationkey:Int64, n_name:Utf8View, n_regionkey:Int64, n_comment:Utf8View]",
        "name": "create_physical_plan"
      },
      {
        "name": "Phase",
        "otel.name": "optimize_physical_plan"
      }
    ],
    "target": "integration_utils",
    "time.busy": "0.00ms",
    "time.idle": "0.00ms"
  },
  {
    "level": "INFO",
    "message": "close",
    "span": {
      "name": "Rule",
      "otel.name": "aggregate_statistics"
    },
    "spans": [
      {
        "name": "test",
        "test_name": "06_object_store_all_options"
      },
      {
        "name": "run_traced_query",
        "query_name": "order_nations"
      },
      {
        "logical_plan": "Sort: nation.n_name ASC NULLS LAST [n_nationkey:Int64, n_name:Utf8View, n_regionkey:Int64, n_comment:Utf8View]\n  TableScan: nation projection=[n_nationkey, n_name, n_regionkey, n_comment] [n_nationkey:Int64, n_name:Utf8View, n_regionkey:Int64, n_comment:Utf8View]",
        "name": "create_physical_plan"
      },
      {
        "name": "Phase",
        "otel.name": "optimize_physical_plan"
      }
    ],
    "target": "integration_utils",
    "time.busy": "0.00ms",
    "time.idle": "0.00ms"
  },
  {
    "level": "INFO",
    "message": "close",
    "span": {
      "name": "Rule",
      "otel.name": "join_selection"
    },
    "spans": [
      {
        "name": "test",
        "test_name": "06_object_store_all_options"
      },
      {
        "name": "run_traced_query",
        "query_name": "order_nations"
      },
      {
        "logical_plan": "Sort: nation.n_name ASC NULLS LAST [n_nationkey:Int64, n_name:Utf8View, n_regionkey:Int64, n_comment:Utf8View]\n  TableScan: nation projection=[n_nationkey, n_name, n_regionkey, n_comment] [n_nationkey:Int64, n_name:Utf8View, n_regionkey:Int64, n_comment:Utf8View]",
        "name": "create_physical_plan"
      },
      {
        "name": "Phase",
        "otel.name": "optimize_physical_plan"
      }
    ],
    "target": "integration_utils",
    "time.busy": "0.00ms",
    "time.idle": "0.00ms"
  },
  {
    "level": "INFO",
    "message": "close",
    "span": {
      "name": "Rule",
      "otel.name": "LimitedDistinctAggregation"
    },
    "spans": [
      {
        "name": "test",
        "test_name": "06_object_store_all_options"
      },
      {
        "name": "run_traced_query",
        "query_name": "order_nations"
      },
      {
        "logical_plan": "Sort: nation.n_name ASC NULLS LAST [n_nationkey:Int64, n_name:Utf8View, n_regionkey:Int64, n_comment:Utf8View]\n  TableScan: nation projection=[n_nationkey, n_name, n_regionkey, n_comment] [n_nationkey:Int64, n_name:Utf8View, n_regionkey:Int64, n_comment:Utf8View]",
        "name": "create_physical_plan"
      },
      {
        "name": "Phase",
        "otel.name": "optimize_physical_plan"
      }
    ],
    "target": "integration_utils",
    "time.busy": "0.00ms",
    "time.idle": "0.00ms"
  },
  {
    "level": "INFO",
    "message": "close",
    "span": {
      "name": "Rule",
      "otel.name": "FilterPushdown"
    },
    "spans": [
      {
        "name": "test",
        "test_name": "06_object_store_all_options"
      },
      {
        "name": "run_traced_query",
        "query_name": "order_nations"
      },
      {
        "logical_plan": "Sort: nation.n_name ASC NULLS LAST [n_nationkey:Int64, n_name:Utf8View, n_regionkey:Int64, n_comment:Utf8View]\n  TableScan: nation projection=[n_nationkey, n_name, n_regionkey, n_comment] [n_nationkey:Int64, n_name:Utf8View, n_regionkey:Int64, n_comment:Utf8View]",
        "name": "create_physical_plan"
      },
      {
        "name": "Phase",
        "otel.name": "optimize_physical_plan"
      }
    ],
    "target": "integration_utils",
    "time.busy": "0.00ms",
    "time.idle": "0.00ms"
  },
  {
    "level": "INFO",
    "message": "close",
    "span": {
      "name": "Rule",
      "otel.name": "WindowTopN"
    },
    "spans": [
      {
        "name": "test",
        "test_name": "06_object_store_all_options"
      },
      {
        "name": "run_traced_query",
        "query_name": "order_nations"
      },
      {
        "logical_plan": "Sort: nation.n_name ASC NULLS LAST [n_nationkey:Int64, n_name:Utf8View, n_regionkey:Int64, n_comment:Utf8View]\n  TableScan: nation projection=[n_nationkey, n_name, n_regionkey, n_comment] [n_nationkey:Int64, n_name:Utf8View, n_regionkey:Int64, n_comment:Utf8View]",
        "name": "create_physical_plan"
      },
      {
        "name": "Phase",
        "otel.name": "optimize_physical_plan"
      }
    ],
    "target": "integration_utils",
    "time.busy": "0.00ms",
    "time.idle": "0.00ms"
  },
  {
    "level": "INFO",
    "message": "close",
    "span": {
      "name": "Rule",
      "otel.name": "EnsureRequirements"
    },
    "spans": [
      {
        "name": "test",
        "test_name": "06_object_store_all_options"
      },
      {
        "name": "run_traced_query",
        "query_name": "order_nations"
      },
      {
        "logical_plan": "Sort: nation.n_name ASC NULLS LAST [n_nationkey:Int64, n_name:Utf8View, n_regionkey:Int64, n_comment:Utf8View]\n  TableScan: nation projection=[n_nationkey, n_name, n_regionkey, n_comment] [n_nationkey:Int64, n_name:Utf8View, n_regionkey:Int64, n_comment:Utf8View]",
        "name": "create_physical_plan"
      },
      {
        "name": "Phase",
        "otel.name": "optimize_physical_plan"
      }
    ],
    "target": "integration_utils",
    "time.busy": "0.00ms",
    "time.idle": "0.00ms"
  },
  {
    "level": "INFO",
    "message": "close",
    "span": {
      "name": "Rule",
      "otel.name": "CombinePartialFinalAggregate"
    },
    "spans": [
      {
        "name": "test",
        "test_name": "06_object_store_all_options"
      },
      {
        "name": "run_traced_query",
        "query_name": "order_nations"
      },
      {
        "logical_plan": "Sort: nation.n_name ASC NULLS LAST [n_nationkey:Int64, n_name:Utf8View, n_regionkey:Int64, n_comment:Utf8View]\n  TableScan: nation projection=[n_nationkey, n_name, n_regionkey, n_comment] [n_nationkey:Int64, n_name:Utf8View, n_regionkey:Int64, n_comment:Utf8View]",
        "name": "create_physical_plan"
      },
      {
        "name": "Phase",
        "otel.name": "optimize_physical_plan"
      }
    ],
    "target": "integration_utils",
    "time.busy": "0.00ms",
    "time.idle": "0.00ms"
  },
  {
    "level": "INFO",
    "message": "close",
    "span": {
      "name": "Rule",
      "otel.name": "OptimizeAggregateOrder"
    },
    "spans": [
      {
        "name": "test",
        "test_name": "06_object_store_all_options"
      },
      {
        "name": "run_traced_query",
        "query_name": "order_nations"
      },
      {
        "logical_plan": "Sort: nation.n_name ASC NULLS LAST [n_nationkey:Int64, n_name:Utf8View, n_regionkey:Int64, n_comment:Utf8View]\n  TableScan: nation projection=[n_nationkey, n_name, n_regionkey, n_comment] [n_nationkey:Int64, n_name:Utf8View, n_regionkey:Int64, n_comment:Utf8View]",
        "name": "create_physical_plan"
      },
      {
        "name": "Phase",
        "otel.name": "optimize_physical_plan"
      }
    ],
    "target": "integration_utils",
    "time.busy": "0.00ms",
    "time.idle": "0.00ms"
  },
  {
    "level": "INFO",
    "message": "close",
    "span": {
      "name": "Rule",
      "otel.name": "ProjectionPushdown"
    },
    "spans": [
      {
        "name": "test",
        "test_name": "06_object_store_all_options"
      },
      {
        "name": "run_traced_query",
        "query_name": "order_nations"
      },
      {
        "logical_plan": "Sort: nation.n_name ASC NULLS LAST [n_nationkey:Int64, n_name:Utf8View, n_regionkey:Int64, n_comment:Utf8View]\n  TableScan: nation projection=[n_nationkey, n_name, n_regionkey, n_comment] [n_nationkey:Int64, n_name:Utf8View, n_regionkey:Int64, n_comment:Utf8View]",
        "name": "create_physical_plan"
      },
      {
        "name": "Phase",
        "otel.name": "optimize_physical_plan"
      }
    ],
    "target": "integration_utils",
    "time.busy": "0.00ms",
    "time.idle": "0.00ms"
  },
  {
    "level": "INFO",
    "message": "close",
    "span": {
      "name": "Rule",
      "otel.name": "OutputRequirements (modified)"
    },
    "spans": [
      {
        "name": "test",
        "test_name": "06_object_store_all_options"
      },
      {
        "name": "run_traced_query",
        "query_name": "order_nations"
      },
      {
        "logical_plan": "Sort: nation.n_name ASC NULLS LAST [n_nationkey:Int64, n_name:Utf8View, n_regionkey:Int64, n_comment:Utf8View]\n  TableScan: nation projection=[n_nationkey, n_name, n_regionkey, n_comment] [n_nationkey:Int64, n_name:Utf8View, n_regionkey:Int64, n_comment:Utf8View]",
        "name": "create_physical_plan"
      },
      {
        "name": "Phase",
        "otel.name": "optimize_physical_plan"
      }
    ],
    "target": "integration_utils",
    "time.busy": "0.00ms",
    "time.idle": "0.00ms"
  },
  {
    "level": "INFO",
    "message": "close",
    "span": {
      "name": "Rule",
      "otel.name": "LimitAggregation"
    },
    "spans": [
      {
        "name": "test",
        "test_name": "06_object_store_all_options"
      },
      {
        "name": "run_traced_query",
        "query_name": "order_nations"
      },
      {
        "logical_plan": "Sort: nation.n_name ASC NULLS LAST [n_nationkey:Int64, n_name:Utf8View, n_regionkey:Int64, n_comment:Utf8View]\n  TableScan: nation projection=[n_nationkey, n_name, n_regionkey, n_comment] [n_nationkey:Int64, n_name:Utf8View, n_regionkey:Int64, n_comment:Utf8View]",
        "name": "create_physical_plan"
      },
      {
        "name": "Phase",
        "otel.name": "optimize_physical_plan"
      }
    ],
    "target": "integration_utils",
    "time.busy": "0.00ms",
    "time.idle": "0.00ms"
  },
  {
    "level": "INFO",
    "message": "close",
    "span": {
      "name": "Rule",
      "otel.name": "LimitPushPastWindows"
    },
    "spans": [
      {
        "name": "test",
        "test_name": "06_object_store_all_options"
      },
      {
        "name": "run_traced_query",
        "query_name": "order_nations"
      },
      {
        "logical_plan": "Sort: nation.n_name ASC NULLS LAST [n_nationkey:Int64, n_name:Utf8View, n_regionkey:Int64, n_comment:Utf8View]\n  TableScan: nation projection=[n_nationkey, n_name, n_regionkey, n_comment] [n_nationkey:Int64, n_name:Utf8View, n_regionkey:Int64, n_comment:Utf8View]",
        "name": "create_physical_plan"
      },
      {
        "name": "Phase",
        "otel.name": "optimize_physical_plan"
      }
    ],
    "target": "integration_utils",
    "time.busy": "0.00ms",
    "time.idle": "0.00ms"
  },
  {
    "level": "INFO",
    "message": "close",
    "span": {
      "name": "Rule",
      "otel.name": "HashJoinBuffering"
    },
    "spans": [
      {
        "name": "test",
        "test_name": "06_object_store_all_options"
      },
      {
        "name": "run_traced_query",
        "query_name": "order_nations"
      },
      {
        "logical_plan": "Sort: nation.n_name ASC NULLS LAST [n_nationkey:Int64, n_name:Utf8View, n_regionkey:Int64, n_comment:Utf8View]\n  TableScan: nation projection=[n_nationkey, n_name, n_regionkey, n_comment] [n_nationkey:Int64, n_name:Utf8View, n_regionkey:Int64, n_comment:Utf8View]",
        "name": "create_physical_plan"
      },
      {
        "name": "Phase",
        "otel.name": "optimize_physical_plan"
      }
    ],
    "target": "integration_utils",
    "time.busy": "0.00ms",
    "time.idle": "0.00ms"
  },
  {
    "level": "INFO",
    "message": "close",
    "span": {
      "name": "Rule",
      "otel.name": "LimitPushdown"
    },
    "spans": [
      {
        "name": "test",
        "test_name": "06_object_store_all_options"
      },
      {
        "name": "run_traced_query",
        "query_name": "order_nations"
      },
      {
        "logical_plan": "Sort: nation.n_name ASC NULLS LAST [n_nationkey:Int64, n_name:Utf8View, n_regionkey:Int64, n_comment:Utf8View]\n  TableScan: nation projection=[n_nationkey, n_name, n_regionkey, n_comment] [n_nationkey:Int64, n_name:Utf8View, n_regionkey:Int64, n_comment:Utf8View]",
        "name": "create_physical_plan"
      },
      {
        "name": "Phase",
        "otel.name": "optimize_physical_plan"
      }
    ],
    "target": "integration_utils",
    "time.busy": "0.00ms",
    "time.idle": "0.00ms"
  },
  {
    "level": "INFO",
    "message": "close",
    "span": {
      "name": "Rule",
      "otel.name": "TopKRepartition"
    },
    "spans": [
      {
        "name": "test",
        "test_name": "06_object_store_all_options"
      },
      {
        "name": "run_traced_query",
        "query_name": "order_nations"
      },
      {
        "logical_plan": "Sort: nation.n_name ASC NULLS LAST [n_nationkey:Int64, n_name:Utf8View, n_regionkey:Int64, n_comment:Utf8View]\n  TableScan: nation projection=[n_nationkey, n_name, n_regionkey, n_comment] [n_nationkey:Int64, n_name:Utf8View, n_regionkey:Int64, n_comment:Utf8View]",
        "name": "create_physical_plan"
      },
      {
        "name": "Phase",
        "otel.name": "optimize_physical_plan"
      }
    ],
    "target": "integration_utils",
    "time.busy": "0.00ms",
    "time.idle": "0.00ms"
  },
  {
    "level": "INFO",
    "message": "close",
    "span": {
      "name": "Rule",
      "otel.name": "ProjectionPushdown"
    },
    "spans": [
      {
        "name": "test",
        "test_name": "06_object_store_all_options"
      },
      {
        "name": "run_traced_query",
        "query_name": "order_nations"
      },
      {
        "logical_plan": "Sort: nation.n_name ASC NULLS LAST [n_nationkey:Int64, n_name:Utf8View, n_regionkey:Int64, n_comment:Utf8View]\n  TableScan: nation projection=[n_nationkey, n_name, n_regionkey, n_comment] [n_nationkey:Int64, n_name:Utf8View, n_regionkey:Int64, n_comment:Utf8View]",
        "name": "create_physical_plan"
      },
      {
        "name": "Phase",
        "otel.name": "optimize_physical_plan"
      }
    ],
    "target": "integration_utils",
    "time.busy": "0.00ms",
    "time.idle": "0.00ms"
  },
  {
    "level": "INFO",
    "message": "close",
    "span": {
      "name": "Rule",
      "otel.name": "PushdownSort (modified)"
    },
    "spans": [
      {
        "name": "test",
        "test_name": "06_object_store_all_options"
      },
      {
        "name": "run_traced_query",
        "query_name": "order_nations"
      },
      {
        "logical_plan": "Sort: nation.n_name ASC NULLS LAST [n_nationkey:Int64, n_name:Utf8View, n_regionkey:Int64, n_comment:Utf8View]\n  TableScan: nation projection=[n_nationkey, n_name, n_regionkey, n_comment] [n_nationkey:Int64, n_name:Utf8View, n_regionkey:Int64, n_comment:Utf8View]",
        "name": "create_physical_plan"
      },
      {
        "name": "Phase",
        "otel.name": "optimize_physical_plan"
      }
    ],
    "target": "integration_utils",
    "time.busy": "0.00ms",
    "time.idle": "0.00ms"
  },
  {
    "level": "INFO",
    "message": "close",
    "span": {
      "name": "Rule",
      "otel.name": "EnsureCooperative"
    },
    "spans": [
      {
        "name": "test",
        "test_name": "06_object_store_all_options"
      },
      {
        "name": "run_traced_query",
        "query_name": "order_nations"
      },
      {
        "logical_plan": "Sort: nation.n_name ASC NULLS LAST [n_nationkey:Int64, n_name:Utf8View, n_regionkey:Int64, n_comment:Utf8View]\n  TableScan: nation projection=[n_nationkey, n_name, n_regionkey, n_comment] [n_nationkey:Int64, n_name:Utf8View, n_regionkey:Int64, n_comment:Utf8View]",
        "name": "create_physical_plan"
      },
      {
        "name": "Phase",
        "otel.name": "optimize_physical_plan"
      }
    ],
    "target": "integration_utils",
    "time.busy": "0.00ms",
    "time.idle": "0.00ms"
  },
  {
    "level": "INFO",
    "message": "close",
    "span": {
      "name": "Rule",
      "otel.name": "FilterPushdown(Post)"
    },
    "spans": [
      {
        "name": "test",
        "test_name": "06_object_store_all_options"
      },
      {
        "name": "run_traced_query",
        "query_name": "order_nations"
      },
      {
        "logical_plan": "Sort: nation.n_name ASC NULLS LAST [n_nationkey:Int64, n_name:Utf8View, n_regionkey:Int64, n_comment:Utf8View]\n  TableScan: nation projection=[n_nationkey, n_name, n_regionkey, n_comment] [n_nationkey:Int64, n_name:Utf8View, n_regionkey:Int64, n_comment:Utf8View]",
        "name": "create_physical_plan"
      },
      {
        "name": "Phase",
        "otel.name": "optimize_physical_plan"
      }
    ],
    "target": "integration_utils",
    "time.busy": "0.00ms",
    "time.idle": "0.00ms"
  },
  {
    "level": "INFO",
    "message": "close",
    "span": {
      "name": "Rule",
      "otel.name": "SanityCheckPlan"
    },
    "spans": [
      {
        "name": "test",
        "test_name": "06_object_store_all_options"
      },
      {
        "name": "run_traced_query",
        "query_name": "order_nations"
      },
      {
        "logical_plan": "Sort: nation.n_name ASC NULLS LAST [n_nationkey:Int64, n_name:Utf8View, n_regionkey:Int64, n_comment:Utf8View]\n  TableScan: nation projection=[n_nationkey, n_name, n_regionkey, n_comment] [n_nationkey:Int64, n_name:Utf8View, n_regionkey:Int64, n_comment:Utf8View]",
        "name": "create_physical_plan"
      },
      {
        "name": "Phase",
        "otel.name": "optimize_physical_plan"
      }
    ],
    "target": "integration_utils",
    "time.busy": "0.00ms",
    "time.idle": "0.00ms"
  },
  {
    "level": "INFO",
    "message": "close",
    "span": {
      "name": "Rule",
      "otel.name": "Instrument"
    },
    "spans": [
      {
        "name": "test",
        "test_name": "06_object_store_all_options"
      },
      {
        "name": "run_traced_query",
        "query_name": "order_nations"
      },
      {
        "logical_plan": "Sort: nation.n_name ASC NULLS LAST [n_nationkey:Int64, n_name:Utf8View, n_regionkey:Int64, n_comment:Utf8View]\n  TableScan: nation projection=[n_nationkey, n_name, n_regionkey, n_comment] [n_nationkey:Int64, n_name:Utf8View, n_regionkey:Int64, n_comment:Utf8View]",
        "name": "create_physical_plan"
      },
      {
        "name": "Phase",
        "otel.name": "optimize_physical_plan"
      }
    ],
    "target": "integration_utils",
    "time.busy": "0.00ms",
    "time.idle": "0.00ms"
  },
  {
    "level": "INFO",
    "message": "close",
    "span": {
      "datafusion.effective_rules": "OutputRequirements, OutputRequirements, PushdownSort",
      "name": "Phase",
      "otel.name": "optimize_physical_plan"
    },
    "spans": [
      {
        "name": "test",
        "test_name": "06_object_store_all_options"
      },
      {
        "name": "run_traced_query",
        "query_name": "order_nations"
      },
      {
        "logical_plan": "Sort: nation.n_name ASC NULLS LAST [n_nationkey:Int64, n_name:Utf8View, n_regionkey:Int64, n_comment:Utf8View]\n  TableScan: nation projection=[n_nationkey, n_name, n_regionkey, n_comment] [n_nationkey:Int64, n_name:Utf8View, n_regionkey:Int64, n_comment:Utf8View]",
        "name": "create_physical_plan"
      }
    ],
    "target": "integration_utils",
    "time.busy": "0.00ms",
    "time.idle": "0.00ms"
  },
  {
    "level": "INFO",
    "message": "close",
    "span": {
      "logical_plan": "Sort: nation.n_name ASC NULLS LAST [n_nationkey:Int64, n_name:Utf8View, n_regionkey:Int64, n_comment:Utf8View]\n  TableScan: nation projection=[n_nationkey, n_name, n_regionkey, n_comment] [n_nationkey:Int64, n_name:Utf8View, n_regionkey:Int64, n_comment:Utf8View]",
      "name": "create_physical_plan",
      "physical_plan": "SortExec: expr=[n_name@1 ASC NULLS LAST], preserve_partitioning=[false]\n  DataSourceExec: file_groups={1 group: [[<TPCH_TABLES_DIR>/nation.parquet]]}, projection=[n_nationkey, n_name, n_regionkey, n_comment], file_type=parquet, sort_order_for_reorder=[n_name@1 ASC NULLS LAST]\n"
    },
    "spans": [
      {
        "name": "test",
        "test_name": "06_object_store_all_options"
      },
      {
        "name": "run_traced_query",
        "query_name": "order_nations"
      }
    ],
    "target": "datafusion_tracing::planner",
    "time.busy": "0.00ms",
    "time.idle": "0.00ms"
  },
  {
    "level": "INFO",
    "message": "close",
    "span": {
      "name": "get_ranges",
      "object_store.location": "<TPCH_TABLES_DIR>/nation.parquet",
      "object_store.ranges": "[4..172, 172..477, 477..554, 554..1714]",
      "object_store.result.content_length": 1710,
      "otel.name": "local_fs.get_ranges"
    },
    "spans": [
      {
        "name": "test",
        "test_name": "06_object_store_all_options"
      },
      {
        "name": "run_traced_query",
        "query_name": "order_nations"
      },
      {
        "datafusion.boundedness": "Bounded",
        "datafusion.emission_type": "Final",
        "datafusion.partitioning": "UnknownPartitioning(1)",
        "env": "production",
        "name": "InstrumentedExec",
        "otel.name": "SortExec",
        "region": "us-west"
      },
      {
        "datafusion.boundedness": "Bounded",
        "datafusion.emission_type": "Incremental",
        "datafusion.partitioning": "UnknownPartitioning(1)",
        "env": "production",
        "name": "InstrumentedExec",
        "otel.name": "DataSourceExec",
        "region": "us-west"
      }
    ],
    "target": "instrumented_object_store::instrumented_object_store",
    "time.busy": "0.00ms",
    "time.idle": "0.00ms"
  },
  {
    "level": "INFO",
    "message": "close",
    "span": {
      "datafusion.boundedness": "Bounded",
      "datafusion.emission_type": "Incremental",
      "datafusion.metrics.batches_split": "0",
      "datafusion.metrics.bloom_filter_eval_time": "0.00ms",
      "datafusion.metrics.bytes_scanned": "1.71 K",
      "datafusion.metrics.elapsed_compute": "0.00ms",
      "datafusion.metrics.end_timestamp": "1970-01-01 00:00:00 UTC",
      "datafusion.metrics.file_open_errors": "0",
      "datafusion.metrics.file_scan_errors": "0",
      "datafusion.metrics.files_opened": "1",
      "datafusion.metrics.files_processed": "1",
      "datafusion.metrics.files_ranges_pruned_statistics": "1 total → 1 matched",
      "datafusion.metrics.limit_pruned_row_groups": "0 total → 0 matched",
      "datafusion.metrics.metadata_load_time": "0.00ms",
      "datafusion.metrics.num_predicate_creation_errors": "0",
      "datafusion.metrics.output_batches": "1",
      "datafusion.metrics.output_bytes": "3.4 KB",
      "datafusion.metrics.output_rows": "25",
      "datafusion.metrics.page_index_eval_time": "0.00ms",
      "datafusion.metrics.page_index_pages_pruned": "0 total → 0 matched",
      "datafusion.metrics.page_index_rows_pruned": "0 total → 0 matched",
      "datafusion.metrics.predicate_cache_inner_records": "0",
      "datafusion.metrics.predicate_cache_records": "0",
      "datafusion.metrics.predicate_evaluation_errors": "0",
      "datafusion.metrics.pushdown_rows_matched": "0",
      "datafusion.metrics.pushdown_rows_pruned": "0",
      "datafusion.metrics.row_groups_pruned_bloom_filter": "1 total → 1 matched",
      "datafusion.metrics.row_groups_pruned_statistics": "1 total → 1 matched",
      "datafusion.metrics.row_pushdown_eval_time": "0.00ms",
      "datafusion.metrics.scan_efficiency_ratio": "64.04% (1.71 K/2.67 K)",
      "datafusion.metrics.start_timestamp": "1970-01-01 00:00:00 UTC",
      "datafusion.metrics.statistics_eval_time": "0.00ms",
      "datafusion.metrics.time_elapsed_opening": "0.00ms",
      "datafusion.metrics.time_elapsed_processing": "0.00ms",
      "datafusion.metrics.time_elapsed_scanning_total": "0.00ms",
      "datafusion.metrics.time_elapsed_scanning_until_data": "0.00ms",
      "datafusion.node": "DataSourceExec: file_groups={1 group: [[<TPCH_TABLES_DIR>/nation.parquet]]}, projection=[n_nationkey, n_name, n_regionkey, n_comment], file_type=parquet, sort_order_for_reorder=[n_name@1 ASC NULLS LAST]",
      "datafusion.partitioning": "UnknownPartitioning(1)",
      "datafusion.preview": "<redacted>",
      "env": "production",
      "name": "InstrumentedExec",
      "otel.name": "DataSourceExec",
      "region": "us-west"
    },
    "spans": [
      {
        "name": "test",
        "test_name": "06_object_store_all_options"
      },
      {
        "name": "run_traced_query",
        "query_name": "order_nations"
      },
      {
        "datafusion.boundedness": "Bounded",
        "datafusion.emission_type": "Final",
        "datafusion.partitioning": "UnknownPartitioning(1)",
        "env": "production",
        "name": "InstrumentedExec",
        "otel.name": "SortExec",
        "region": "us-west"
      }
    ],
    "target": "integration_utils",
    "time.busy": "0.00ms",
    "time.idle": "0.00ms"
  },
  {
    "level": "INFO",
    "message": "close",
    "span": {
      "datafusion.boundedness": "Bounded",
      "datafusion.emission_type": "Final",
      "datafusion.metrics.elapsed_compute": "0.00ms",
      "datafusion.metrics.end_timestamp": "1970-01-01 00:00:00 UTC",
      "datafusion.metrics.output_batches": "1",
      "datafusion.metrics.output_bytes": "3.4 KB",
      "datafusion.metrics.output_rows": "25",
      "datafusion.metrics.spill_count": "0",
      "datafusion.metrics.spilled_bytes": "0.0 B",
      "datafusion.metrics.spilled_rows": "0",
      "datafusion.metrics.start_timestamp": "1970-01-01 00:00:00 UTC",
      "datafusion.node": "SortExec: expr=[n_name@1 ASC NULLS LAST], preserve_partitioning=[false]",
      "datafusion.partitioning": "UnknownPartitioning(1)",
      "datafusion.preview": "<redacted>",
      "env": "production",
      "name": "InstrumentedExec",
      "otel.name": "SortExec",
      "region": "us-west"
    },
    "spans": [
      {
        "name": "test",
        "test_name": "06_object_store_all_options"
      },
      {
        "name": "run_traced_query",
        "query_name": "order_nations"
      }
    ],
    "target": "integration_utils",
    "time.busy": "0.00ms",
    "time.idle": "0.00ms"
  },
  {
    "level": "INFO",
    "message": "close",
    "span": {
      "name": "run_traced_query",
      "query_name": "order_nations"
    },
    "spans": [
      {
        "name": "test",
        "test_name": "06_object_store_all_options"
      }
    ],
    "target": "integration_utils",
    "time.busy": "0.00ms",
    "time.idle": "0.00ms"
  }
]
